Performing C SOURCE FILE Test CMAKE_HAVE_LIBC_PTHREAD failed with the following output:
Change Dir: /home/jun/work/share/github/srt/CMakeFiles/CMakeTmp

Run Build Command(s):/usr/bin/make cmTC_3c88b/fast && /usr/bin/make -f CMakeFiles/cmTC_3c88b.dir/build.make CMakeFiles/cmTC_3c88b.dir/build
make[1]: Entering directory '/home/jun/work/share/github/srt/CMakeFiles/CMakeTmp'
Building C object CMakeFiles/cmTC_3c88b.dir/src.c.o
/usr/bin/cc   -DCMAKE_HAVE_LIBC_PTHREAD   -o CMakeFiles/cmTC_3c88b.dir/src.c.o   -c /home/jun/work/share/github/srt/CMakeFiles/CMakeTmp/src.c
Linking C executable cmTC_3c88b
/usr/bin/cmake -E cmake_link_script CMakeFiles/cmTC_3c88b.dir/link.txt --verbose=1
/usr/bin/cc  -DCMAKE_HAVE_LIBC_PTHREAD    -rdynamic CMakeFiles/cmTC_3c88b.dir/src.c.o  -o cmTC_3c88b 
/usr/bin/ld: CMakeFiles/cmTC_3c88b.dir/src.c.o: in function `main':
src.c:(.text+0x46): undefined reference to `pthread_create'
/usr/bin/ld: src.c:(.text+0x52): undefined reference to `pthread_detach'
/usr/bin/ld: src.c:(.text+0x63): undefined reference to `pthread_join'
collect2: error: ld returned 1 exit status
make[1]: *** [CMakeFiles/cmTC_3c88b.dir/build.make:87: cmTC_3c88b] Error 1
make[1]: Leaving directory '/home/jun/work/share/github/srt/CMakeFiles/CMakeTmp'
make: *** [Makefile:121: cmTC_3c88b/fast] Error 2


Source file was:
#include <pthread.h>

void* test_func(void* data)
{
  return data;
}

int main(void)
{
  pthread_t thread;
  pthread_create(&thread, NULL, test_func, NULL);
  pthread_detach(thread);
  pthread_join(thread, NULL);
  pthread_atfork(NULL, NULL, NULL);
  pthread_exit(NULL);

  return 0;
}

Determining if the function pthread_create exists in the pthreads failed with the following output:
Change Dir: /home/jun/work/share/github/srt/CMakeFiles/CMakeTmp

Run Build Command(s):/usr/bin/make cmTC_a3bf9/fast && /usr/bin/make -f CMakeFiles/cmTC_a3bf9.dir/build.make CMakeFiles/cmTC_a3bf9.dir/build
make[1]: Entering directory '/home/jun/work/share/github/srt/CMakeFiles/CMakeTmp'
Building C object CMakeFiles/cmTC_a3bf9.dir/CheckFunctionExists.c.o
/usr/bin/cc   -DCHECK_FUNCTION_EXISTS=pthread_create   -o CMakeFiles/cmTC_a3bf9.dir/CheckFunctionExists.c.o   -c /usr/share/cmake-3.16/Modules/CheckFunctionExists.c
Linking C executable cmTC_a3bf9
/usr/bin/cmake -E cmake_link_script CMakeFiles/cmTC_a3bf9.dir/link.txt --verbose=1
/usr/bin/cc  -DCHECK_FUNCTION_EXISTS=pthread_create    -rdynamic CMakeFiles/cmTC_a3bf9.dir/CheckFunctionExists.c.o  -o cmTC_a3bf9  -lpthreads 
/usr/bin/ld: cannot find -lpthreads
collect2: error: ld returned 1 exit status
make[1]: *** [CMakeFiles/cmTC_a3bf9.dir/build.make:87: cmTC_a3bf9] Error 1
make[1]: Leaving directory '/home/jun/work/share/github/srt/CMakeFiles/CMakeTmp'
make: *** [Makefile:121: cmTC_a3bf9/fast] Error 2



Determining if the pthread_getname_np exist failed with the following output:
Change Dir: /home/jun/work/share/github/srt/CMakeFiles/CMakeTmp

Run Build Command(s):/usr/bin/make cmTC_24c2c/fast && /usr/bin/make -f CMakeFiles/cmTC_24c2c.dir/build.make CMakeFiles/cmTC_24c2c.dir/build
make[1]: Entering directory '/home/jun/work/share/github/srt/CMakeFiles/CMakeTmp'
Building C object CMakeFiles/cmTC_24c2c.dir/CheckSymbolExists.c.o
/usr/bin/cc -D_DARWIN_C_SOURCE -D_GNU_SOURCE -D_POSIX_SOURCE=1  -pthread   -o CMakeFiles/cmTC_24c2c.dir/CheckSymbolExists.c.o   -c /home/jun/work/share/github/srt/CMakeFiles/CMakeTmp/CheckSymbolExists.c
/home/jun/work/share/github/srt/CMakeFiles/CMakeTmp/CheckSymbolExists.c:2:10: fatal error: pthread_np.h: No such file or directory
    2 | #include <pthread_np.h>
      |          ^~~~~~~~~~~~~~
compilation terminated.
make[1]: *** [CMakeFiles/cmTC_24c2c.dir/build.make:66: CMakeFiles/cmTC_24c2c.dir/CheckSymbolExists.c.o] Error 1
make[1]: Leaving directory '/home/jun/work/share/github/srt/CMakeFiles/CMakeTmp'
make: *** [Makefile:121: cmTC_24c2c/fast] Error 2


File /home/jun/work/share/github/srt/CMakeFiles/CMakeTmp/CheckSymbolExists.c:
/* */
#include <pthread_np.h>

int main(int argc, char** argv)
{
  (void)argv;
#ifndef pthread_getname_np
  return ((int*)(&pthread_getname_np))[argc];
#else
  (void)argc;
  return 0;
#endif
}
Determining if the pthread_setname_np exist failed with the following output:
Change Dir: /home/jun/work/share/github/srt/CMakeFiles/CMakeTmp

Run Build Command(s):/usr/bin/make cmTC_b5ab8/fast && /usr/bin/make -f CMakeFiles/cmTC_b5ab8.dir/build.make CMakeFiles/cmTC_b5ab8.dir/build
make[1]: Entering directory '/home/jun/work/share/github/srt/CMakeFiles/CMakeTmp'
Building C object CMakeFiles/cmTC_b5ab8.dir/CheckSymbolExists.c.o
/usr/bin/cc -D_DARWIN_C_SOURCE -D_GNU_SOURCE -D_POSIX_SOURCE=1  -pthread   -o CMakeFiles/cmTC_b5ab8.dir/CheckSymbolExists.c.o   -c /home/jun/work/share/github/srt/CMakeFiles/CMakeTmp/CheckSymbolExists.c
/home/jun/work/share/github/srt/CMakeFiles/CMakeTmp/CheckSymbolExists.c:2:10: fatal error: pthread_np.h: No such file or directory
    2 | #include <pthread_np.h>
      |          ^~~~~~~~~~~~~~
compilation terminated.
make[1]: *** [CMakeFiles/cmTC_b5ab8.dir/build.make:66: CMakeFiles/cmTC_b5ab8.dir/CheckSymbolExists.c.o] Error 1
make[1]: Leaving directory '/home/jun/work/share/github/srt/CMakeFiles/CMakeTmp'
make: *** [Makefile:121: cmTC_b5ab8/fast] Error 2


File /home/jun/work/share/github/srt/CMakeFiles/CMakeTmp/CheckSymbolExists.c:
/* */
#include <pthread_np.h>

int main(int argc, char** argv)
{
  (void)argv;
#ifndef pthread_setname_np
  return ((int*)(&pthread_setname_np))[argc];
#else
  (void)argc;
  return 0;
#endif
}
Determining if the pthread_getname_np exist failed with the following output:
Change Dir: /home/jun/work/share/github/srt/CMakeFiles/CMakeTmp

Run Build Command(s):/usr/bin/make cmTC_38671/fast && /usr/bin/make -f CMakeFiles/cmTC_38671.dir/build.make CMakeFiles/cmTC_38671.dir/build
make[1]: Entering directory '/home/jun/work/share/github/srt/CMakeFiles/CMakeTmp'
Building C object CMakeFiles/cmTC_38671.dir/CheckSymbolExists.c.o
/usr/bin/cc -D_DARWIN_C_SOURCE -D_GNU_SOURCE -D_POSIX_SOURCE=1  -pthread   -o CMakeFiles/cmTC_38671.dir/CheckSymbolExists.c.o   -c /home/jun/work/share/github/srt/CMakeFiles/CMakeTmp/CheckSymbolExists.c
/home/jun/work/share/github/srt/CMakeFiles/CMakeTmp/CheckSymbolExists.c:2:10: fatal error: pthread_np.h: No such file or directory
    2 | #include <pthread_np.h>
      |          ^~~~~~~~~~~~~~
compilation terminated.
make[1]: *** [CMakeFiles/cmTC_38671.dir/build.make:66: CMakeFiles/cmTC_38671.dir/CheckSymbolExists.c.o] Error 1
make[1]: Leaving directory '/home/jun/work/share/github/srt/CMakeFiles/CMakeTmp'
make: *** [Makefile:121: cmTC_38671/fast] Error 2


File /home/jun/work/share/github/srt/CMakeFiles/CMakeTmp/CheckSymbolExists.c:
/* */
#include <pthread_np.h>

int main(int argc, char** argv)
{
  (void)argv;
#ifndef pthread_getname_np
  return ((int*)(&pthread_getname_np))[argc];
#else
  (void)argc;
  return 0;
#endif
}
Determining if the pthread_setname_np exist failed with the following output:
Change Dir: /home/jun/work/share/github/srt/CMakeFiles/CMakeTmp

Run Build Command(s):/usr/bin/make cmTC_9e22e/fast && /usr/bin/make -f CMakeFiles/cmTC_9e22e.dir/build.make CMakeFiles/cmTC_9e22e.dir/build
make[1]: Entering directory '/home/jun/work/share/github/srt/CMakeFiles/CMakeTmp'
Building C object CMakeFiles/cmTC_9e22e.dir/CheckSymbolExists.c.o
/usr/bin/cc -D_DARWIN_C_SOURCE -D_GNU_SOURCE -D_POSIX_SOURCE=1  -pthread   -o CMakeFiles/cmTC_9e22e.dir/CheckSymbolExists.c.o   -c /home/jun/work/share/github/srt/CMakeFiles/CMakeTmp/CheckSymbolExists.c
/home/jun/work/share/github/srt/CMakeFiles/CMakeTmp/CheckSymbolExists.c:2:10: fatal error: pthread_np.h: No such file or directory
    2 | #include <pthread_np.h>
      |          ^~~~~~~~~~~~~~
compilation terminated.
make[1]: *** [CMakeFiles/cmTC_9e22e.dir/build.make:66: CMakeFiles/cmTC_9e22e.dir/CheckSymbolExists.c.o] Error 1
make[1]: Leaving directory '/home/jun/work/share/github/srt/CMakeFiles/CMakeTmp'
make: *** [Makefile:121: cmTC_9e22e/fast] Error 2


File /home/jun/work/share/github/srt/CMakeFiles/CMakeTmp/CheckSymbolExists.c:
/* */
#include <pthread_np.h>

int main(int argc, char** argv)
{
  (void)argv;
#ifndef pthread_setname_np
  return ((int*)(&pthread_setname_np))[argc];
#else
  (void)argc;
  return 0;
#endif
}
