The system is: Linux - 5.15.0-92-generic - x86_64
Compiling the C compiler identification source file "CMakeCCompilerId.c" succeeded.
Compiler: /usr/bin/cc 
Build flags: 
Id flags:  

The output was:
0


Compilation of the C compiler identification source "CMakeCCompilerId.c" produced "a.out"

The C compiler identification is GNU, found in "/home/jun/work/share/github/srt/CMakeFiles/3.16.3/CompilerIdC/a.out"

Compiling the CXX compiler identification source file "CMakeCXXCompilerId.cpp" succeeded.
Compiler: /usr/bin/c++ 
Build flags: 
Id flags:  

The output was:
0


Compilation of the CXX compiler identification source "CMakeCXXCompilerId.cpp" produced "a.out"

The CXX compiler identification is GNU, found in "/home/jun/work/share/github/srt/CMakeFiles/3.16.3/CompilerIdCXX/a.out"

Determining if the C compiler works passed with the following output:
Change Dir: /home/jun/work/share/github/srt/CMakeFiles/CMakeTmp

Run Build Command(s):/usr/bin/make cmTC_3e216/fast && /usr/bin/make -f CMakeFiles/cmTC_3e216.dir/build.make CMakeFiles/cmTC_3e216.dir/build
make[1]: Entering directory '/home/jun/work/share/github/srt/CMakeFiles/CMakeTmp'
Building C object CMakeFiles/cmTC_3e216.dir/testCCompiler.c.o
/usr/bin/cc    -o CMakeFiles/cmTC_3e216.dir/testCCompiler.c.o   -c /home/jun/work/share/github/srt/CMakeFiles/CMakeTmp/testCCompiler.c
Linking C executable cmTC_3e216
/usr/bin/cmake -E cmake_link_script CMakeFiles/cmTC_3e216.dir/link.txt --verbose=1
/usr/bin/cc      -rdynamic CMakeFiles/cmTC_3e216.dir/testCCompiler.c.o  -o cmTC_3e216 
make[1]: Leaving directory '/home/jun/work/share/github/srt/CMakeFiles/CMakeTmp'



Detecting C compiler ABI info compiled with the following output:
Change Dir: /home/jun/work/share/github/srt/CMakeFiles/CMakeTmp

Run Build Command(s):/usr/bin/make cmTC_5fdd0/fast && /usr/bin/make -f CMakeFiles/cmTC_5fdd0.dir/build.make CMakeFiles/cmTC_5fdd0.dir/build
make[1]: Entering directory '/home/jun/work/share/github/srt/CMakeFiles/CMakeTmp'
Building C object CMakeFiles/cmTC_5fdd0.dir/CMakeCCompilerABI.c.o
/usr/bin/cc   -v -o CMakeFiles/cmTC_5fdd0.dir/CMakeCCompilerABI.c.o   -c /usr/share/cmake-3.16/Modules/CMakeCCompilerABI.c
Using built-in specs.
COLLECT_GCC=/usr/bin/cc
OFFLOAD_TARGET_NAMES=nvptx-none:hsa
OFFLOAD_TARGET_DEFAULT=1
Target: x86_64-linux-gnu
Configured with: ../src/configure -v --with-pkgversion='Ubuntu 9.4.0-1ubuntu1~20.04.2' --with-bugurl=file:///usr/share/doc/gcc-9/README.Bugs --enable-languages=c,ada,c++,go,brig,d,fortran,objc,obj-c++,gm2 --prefix=/usr --with-gcc-major-version-only --program-suffix=-9 --program-prefix=x86_64-linux-gnu- --enable-shared --enable-linker-build-id --libexecdir=/usr/lib --without-included-gettext --enable-threads=posix --libdir=/usr/lib --enable-nls --enable-clocale=gnu --enable-libstdcxx-debug --enable-libstdcxx-time=yes --with-default-libstdcxx-abi=new --enable-gnu-unique-object --disable-vtable-verify --enable-plugin --enable-default-pie --with-system-zlib --with-target-system-zlib=auto --enable-objc-gc=auto --enable-multiarch --disable-werror --with-arch-32=i686 --with-abi=m64 --with-multilib-list=m32,m64,mx32 --enable-multilib --with-tune=generic --enable-offload-targets=nvptx-none=/build/gcc-9-9QDOt0/gcc-9-9.4.0/debian/tmp-nvptx/usr,hsa --without-cuda-driver --enable-checking=release --build=x86_64-linux-gnu --host=x86_64-linux-gnu --target=x86_64-linux-gnu
Thread model: posix
gcc version 9.4.0 (Ubuntu 9.4.0-1ubuntu1~20.04.2) 
COLLECT_GCC_OPTIONS='-v' '-o' 'CMakeFiles/cmTC_5fdd0.dir/CMakeCCompilerABI.c.o' '-c' '-mtune=generic' '-march=x86-64'
 /usr/lib/gcc/x86_64-linux-gnu/9/cc1 -quiet -v -imultiarch x86_64-linux-gnu /usr/share/cmake-3.16/Modules/CMakeCCompilerABI.c -quiet -dumpbase CMakeCCompilerABI.c -mtune=generic -march=x86-64 -auxbase-strip CMakeFiles/cmTC_5fdd0.dir/CMakeCCompilerABI.c.o -version -fasynchronous-unwind-tables -fstack-protector-strong -Wformat -Wformat-security -fstack-clash-protection -fcf-protection -o /tmp/ccCYqxOS.s
GNU C17 (Ubuntu 9.4.0-1ubuntu1~20.04.2) version 9.4.0 (x86_64-linux-gnu)
	compiled by GNU C version 9.4.0, GMP version 6.2.0, MPFR version 4.0.2, MPC version 1.1.0, isl version isl-0.22.1-GMP

GGC heuristics: --param ggc-min-expand=100 --param ggc-min-heapsize=131072
ignoring nonexistent directory "/usr/local/include/x86_64-linux-gnu"
ignoring nonexistent directory "/usr/lib/gcc/x86_64-linux-gnu/9/include-fixed"
ignoring nonexistent directory "/usr/lib/gcc/x86_64-linux-gnu/9/../../../../x86_64-linux-gnu/include"
#include "..." search starts here:
#include <...> search starts here:
 /usr/lib/gcc/x86_64-linux-gnu/9/include
 /usr/local/include
 /usr/include/x86_64-linux-gnu
 /usr/include
End of search list.
GNU C17 (Ubuntu 9.4.0-1ubuntu1~20.04.2) version 9.4.0 (x86_64-linux-gnu)
	compiled by GNU C version 9.4.0, GMP version 6.2.0, MPFR version 4.0.2, MPC version 1.1.0, isl version isl-0.22.1-GMP

GGC heuristics: --param ggc-min-expand=100 --param ggc-min-heapsize=131072
Compiler executable checksum: 01da938ff5dc2163489aa33cb3b747a7
COLLECT_GCC_OPTIONS='-v' '-o' 'CMakeFiles/cmTC_5fdd0.dir/CMakeCCompilerABI.c.o' '-c' '-mtune=generic' '-march=x86-64'
 as -v --64 -o CMakeFiles/cmTC_5fdd0.dir/CMakeCCompilerABI.c.o /tmp/ccCYqxOS.s
GNU assembler version 2.34 (x86_64-linux-gnu) using BFD version (GNU Binutils for Ubuntu) 2.34
COMPILER_PATH=/usr/lib/gcc/x86_64-linux-gnu/9/:/usr/lib/gcc/x86_64-linux-gnu/9/:/usr/lib/gcc/x86_64-linux-gnu/:/usr/lib/gcc/x86_64-linux-gnu/9/:/usr/lib/gcc/x86_64-linux-gnu/
LIBRARY_PATH=/usr/lib/gcc/x86_64-linux-gnu/9/:/usr/lib/gcc/x86_64-linux-gnu/9/../../../x86_64-linux-gnu/:/usr/lib/gcc/x86_64-linux-gnu/9/../../../../lib/:/lib/x86_64-linux-gnu/:/lib/../lib/:/usr/lib/x86_64-linux-gnu/:/usr/lib/../lib/:/usr/lib/gcc/x86_64-linux-gnu/9/../../../:/lib/:/usr/lib/
COLLECT_GCC_OPTIONS='-v' '-o' 'CMakeFiles/cmTC_5fdd0.dir/CMakeCCompilerABI.c.o' '-c' '-mtune=generic' '-march=x86-64'
Linking C executable cmTC_5fdd0
/usr/bin/cmake -E cmake_link_script CMakeFiles/cmTC_5fdd0.dir/link.txt --verbose=1
/usr/bin/cc     -v -rdynamic CMakeFiles/cmTC_5fdd0.dir/CMakeCCompilerABI.c.o  -o cmTC_5fdd0 
Using built-in specs.
COLLECT_GCC=/usr/bin/cc
COLLECT_LTO_WRAPPER=/usr/lib/gcc/x86_64-linux-gnu/9/lto-wrapper
OFFLOAD_TARGET_NAMES=nvptx-none:hsa
OFFLOAD_TARGET_DEFAULT=1
Target: x86_64-linux-gnu
Configured with: ../src/configure -v --with-pkgversion='Ubuntu 9.4.0-1ubuntu1~20.04.2' --with-bugurl=file:///usr/share/doc/gcc-9/README.Bugs --enable-languages=c,ada,c++,go,brig,d,fortran,objc,obj-c++,gm2 --prefix=/usr --with-gcc-major-version-only --program-suffix=-9 --program-prefix=x86_64-linux-gnu- --enable-shared --enable-linker-build-id --libexecdir=/usr/lib --without-included-gettext --enable-threads=posix --libdir=/usr/lib --enable-nls --enable-clocale=gnu --enable-libstdcxx-debug --enable-libstdcxx-time=yes --with-default-libstdcxx-abi=new --enable-gnu-unique-object --disable-vtable-verify --enable-plugin --enable-default-pie --with-system-zlib --with-target-system-zlib=auto --enable-objc-gc=auto --enable-multiarch --disable-werror --with-arch-32=i686 --with-abi=m64 --with-multilib-list=m32,m64,mx32 --enable-multilib --with-tune=generic --enable-offload-targets=nvptx-none=/build/gcc-9-9QDOt0/gcc-9-9.4.0/debian/tmp-nvptx/usr,hsa --without-cuda-driver --enable-checking=release --build=x86_64-linux-gnu --host=x86_64-linux-gnu --target=x86_64-linux-gnu
Thread model: posix
gcc version 9.4.0 (Ubuntu 9.4.0-1ubuntu1~20.04.2) 
COMPILER_PATH=/usr/lib/gcc/x86_64-linux-gnu/9/:/usr/lib/gcc/x86_64-linux-gnu/9/:/usr/lib/gcc/x86_64-linux-gnu/:/usr/lib/gcc/x86_64-linux-gnu/9/:/usr/lib/gcc/x86_64-linux-gnu/
LIBRARY_PATH=/usr/lib/gcc/x86_64-linux-gnu/9/:/usr/lib/gcc/x86_64-linux-gnu/9/../../../x86_64-linux-gnu/:/usr/lib/gcc/x86_64-linux-gnu/9/../../../../lib/:/lib/x86_64-linux-gnu/:/lib/../lib/:/usr/lib/x86_64-linux-gnu/:/usr/lib/../lib/:/usr/lib/gcc/x86_64-linux-gnu/9/../../../:/lib/:/usr/lib/
COLLECT_GCC_OPTIONS='-v' '-rdynamic' '-o' 'cmTC_5fdd0' '-mtune=generic' '-march=x86-64'
 /usr/lib/gcc/x86_64-linux-gnu/9/collect2 -plugin /usr/lib/gcc/x86_64-linux-gnu/9/liblto_plugin.so -plugin-opt=/usr/lib/gcc/x86_64-linux-gnu/9/lto-wrapper -plugin-opt=-fresolution=/tmp/ccIe4gXi.res -plugin-opt=-pass-through=-lgcc -plugin-opt=-pass-through=-lgcc_s -plugin-opt=-pass-through=-lc -plugin-opt=-pass-through=-lgcc -plugin-opt=-pass-through=-lgcc_s --build-id --eh-frame-hdr -m elf_x86_64 --hash-style=gnu --as-needed -export-dynamic -dynamic-linker /lib64/ld-linux-x86-64.so.2 -pie -z now -z relro -o cmTC_5fdd0 /usr/lib/gcc/x86_64-linux-gnu/9/../../../x86_64-linux-gnu/Scrt1.o /usr/lib/gcc/x86_64-linux-gnu/9/../../../x86_64-linux-gnu/crti.o /usr/lib/gcc/x86_64-linux-gnu/9/crtbeginS.o -L/usr/lib/gcc/x86_64-linux-gnu/9 -L/usr/lib/gcc/x86_64-linux-gnu/9/../../../x86_64-linux-gnu -L/usr/lib/gcc/x86_64-linux-gnu/9/../../../../lib -L/lib/x86_64-linux-gnu -L/lib/../lib -L/usr/lib/x86_64-linux-gnu -L/usr/lib/../lib -L/usr/lib/gcc/x86_64-linux-gnu/9/../../.. CMakeFiles/cmTC_5fdd0.dir/CMakeCCompilerABI.c.o -lgcc --push-state --as-needed -lgcc_s --pop-state -lc -lgcc --push-state --as-needed -lgcc_s --pop-state /usr/lib/gcc/x86_64-linux-gnu/9/crtendS.o /usr/lib/gcc/x86_64-linux-gnu/9/../../../x86_64-linux-gnu/crtn.o
COLLECT_GCC_OPTIONS='-v' '-rdynamic' '-o' 'cmTC_5fdd0' '-mtune=generic' '-march=x86-64'
make[1]: Leaving directory '/home/jun/work/share/github/srt/CMakeFiles/CMakeTmp'



Parsed C implicit include dir info from above output: rv=done
  found start of include info
  found start of implicit include info
    add: [/usr/lib/gcc/x86_64-linux-gnu/9/include]
    add: [/usr/local/include]
    add: [/usr/include/x86_64-linux-gnu]
    add: [/usr/include]
  end of search list found
  collapse include dir [/usr/lib/gcc/x86_64-linux-gnu/9/include] ==> [/usr/lib/gcc/x86_64-linux-gnu/9/include]
  collapse include dir [/usr/local/include] ==> [/usr/local/include]
  collapse include dir [/usr/include/x86_64-linux-gnu] ==> [/usr/include/x86_64-linux-gnu]
  collapse include dir [/usr/include] ==> [/usr/include]
  implicit include dirs: [/usr/lib/gcc/x86_64-linux-gnu/9/include;/usr/local/include;/usr/include/x86_64-linux-gnu;/usr/include]


Parsed C implicit link information from above output:
  link line regex: [^( *|.*[/\])(ld|CMAKE_LINK_STARTFILE-NOTFOUND|([^/\]+-)?ld|collect2)[^/\]*( |$)]
  ignore line: [Change Dir: /home/jun/work/share/github/srt/CMakeFiles/CMakeTmp]
  ignore line: []
  ignore line: [Run Build Command(s):/usr/bin/make cmTC_5fdd0/fast && /usr/bin/make -f CMakeFiles/cmTC_5fdd0.dir/build.make CMakeFiles/cmTC_5fdd0.dir/build]
  ignore line: [make[1]: Entering directory '/home/jun/work/share/github/srt/CMakeFiles/CMakeTmp']
  ignore line: [Building C object CMakeFiles/cmTC_5fdd0.dir/CMakeCCompilerABI.c.o]
  ignore line: [/usr/bin/cc   -v -o CMakeFiles/cmTC_5fdd0.dir/CMakeCCompilerABI.c.o   -c /usr/share/cmake-3.16/Modules/CMakeCCompilerABI.c]
  ignore line: [Using built-in specs.]
  ignore line: [COLLECT_GCC=/usr/bin/cc]
  ignore line: [OFFLOAD_TARGET_NAMES=nvptx-none:hsa]
  ignore line: [OFFLOAD_TARGET_DEFAULT=1]
  ignore line: [Target: x86_64-linux-gnu]
  ignore line: [Configured with: ../src/configure -v --with-pkgversion='Ubuntu 9.4.0-1ubuntu1~20.04.2' --with-bugurl=file:///usr/share/doc/gcc-9/README.Bugs --enable-languages=c ada c++ go brig d fortran objc obj-c++ gm2 --prefix=/usr --with-gcc-major-version-only --program-suffix=-9 --program-prefix=x86_64-linux-gnu- --enable-shared --enable-linker-build-id --libexecdir=/usr/lib --without-included-gettext --enable-threads=posix --libdir=/usr/lib --enable-nls --enable-clocale=gnu --enable-libstdcxx-debug --enable-libstdcxx-time=yes --with-default-libstdcxx-abi=new --enable-gnu-unique-object --disable-vtable-verify --enable-plugin --enable-default-pie --with-system-zlib --with-target-system-zlib=auto --enable-objc-gc=auto --enable-multiarch --disable-werror --with-arch-32=i686 --with-abi=m64 --with-multilib-list=m32 m64 mx32 --enable-multilib --with-tune=generic --enable-offload-targets=nvptx-none=/build/gcc-9-9QDOt0/gcc-9-9.4.0/debian/tmp-nvptx/usr hsa --without-cuda-driver --enable-checking=release --build=x86_64-linux-gnu --host=x86_64-linux-gnu --target=x86_64-linux-gnu]
  ignore line: [Thread model: posix]
  ignore line: [gcc version 9.4.0 (Ubuntu 9.4.0-1ubuntu1~20.04.2) ]
  ignore line: [COLLECT_GCC_OPTIONS='-v' '-o' 'CMakeFiles/cmTC_5fdd0.dir/CMakeCCompilerABI.c.o' '-c' '-mtune=generic' '-march=x86-64']
  ignore line: [ /usr/lib/gcc/x86_64-linux-gnu/9/cc1 -quiet -v -imultiarch x86_64-linux-gnu /usr/share/cmake-3.16/Modules/CMakeCCompilerABI.c -quiet -dumpbase CMakeCCompilerABI.c -mtune=generic -march=x86-64 -auxbase-strip CMakeFiles/cmTC_5fdd0.dir/CMakeCCompilerABI.c.o -version -fasynchronous-unwind-tables -fstack-protector-strong -Wformat -Wformat-security -fstack-clash-protection -fcf-protection -o /tmp/ccCYqxOS.s]
  ignore line: [GNU C17 (Ubuntu 9.4.0-1ubuntu1~20.04.2) version 9.4.0 (x86_64-linux-gnu)]
  ignore line: [	compiled by GNU C version 9.4.0  GMP version 6.2.0  MPFR version 4.0.2  MPC version 1.1.0  isl version isl-0.22.1-GMP]
  ignore line: []
  ignore line: [GGC heuristics: --param ggc-min-expand=100 --param ggc-min-heapsize=131072]
  ignore line: [ignoring nonexistent directory "/usr/local/include/x86_64-linux-gnu"]
  ignore line: [ignoring nonexistent directory "/usr/lib/gcc/x86_64-linux-gnu/9/include-fixed"]
  ignore line: [ignoring nonexistent directory "/usr/lib/gcc/x86_64-linux-gnu/9/../../../../x86_64-linux-gnu/include"]
  ignore line: [#include "..." search starts here:]
  ignore line: [#include <...> search starts here:]
  ignore line: [ /usr/lib/gcc/x86_64-linux-gnu/9/include]
  ignore line: [ /usr/local/include]
  ignore line: [ /usr/include/x86_64-linux-gnu]
  ignore line: [ /usr/include]
  ignore line: [End of search list.]
  ignore line: [GNU C17 (Ubuntu 9.4.0-1ubuntu1~20.04.2) version 9.4.0 (x86_64-linux-gnu)]
  ignore line: [	compiled by GNU C version 9.4.0  GMP version 6.2.0  MPFR version 4.0.2  MPC version 1.1.0  isl version isl-0.22.1-GMP]
  ignore line: []
  ignore line: [GGC heuristics: --param ggc-min-expand=100 --param ggc-min-heapsize=131072]
  ignore line: [Compiler executable checksum: 01da938ff5dc2163489aa33cb3b747a7]
  ignore line: [COLLECT_GCC_OPTIONS='-v' '-o' 'CMakeFiles/cmTC_5fdd0.dir/CMakeCCompilerABI.c.o' '-c' '-mtune=generic' '-march=x86-64']
  ignore line: [ as -v --64 -o CMakeFiles/cmTC_5fdd0.dir/CMakeCCompilerABI.c.o /tmp/ccCYqxOS.s]
  ignore line: [GNU assembler version 2.34 (x86_64-linux-gnu) using BFD version (GNU Binutils for Ubuntu) 2.34]
  ignore line: [COMPILER_PATH=/usr/lib/gcc/x86_64-linux-gnu/9/:/usr/lib/gcc/x86_64-linux-gnu/9/:/usr/lib/gcc/x86_64-linux-gnu/:/usr/lib/gcc/x86_64-linux-gnu/9/:/usr/lib/gcc/x86_64-linux-gnu/]
  ignore line: [LIBRARY_PATH=/usr/lib/gcc/x86_64-linux-gnu/9/:/usr/lib/gcc/x86_64-linux-gnu/9/../../../x86_64-linux-gnu/:/usr/lib/gcc/x86_64-linux-gnu/9/../../../../lib/:/lib/x86_64-linux-gnu/:/lib/../lib/:/usr/lib/x86_64-linux-gnu/:/usr/lib/../lib/:/usr/lib/gcc/x86_64-linux-gnu/9/../../../:/lib/:/usr/lib/]
  ignore line: [COLLECT_GCC_OPTIONS='-v' '-o' 'CMakeFiles/cmTC_5fdd0.dir/CMakeCCompilerABI.c.o' '-c' '-mtune=generic' '-march=x86-64']
  ignore line: [Linking C executable cmTC_5fdd0]
  ignore line: [/usr/bin/cmake -E cmake_link_script CMakeFiles/cmTC_5fdd0.dir/link.txt --verbose=1]
  ignore line: [/usr/bin/cc     -v -rdynamic CMakeFiles/cmTC_5fdd0.dir/CMakeCCompilerABI.c.o  -o cmTC_5fdd0 ]
  ignore line: [Using built-in specs.]
  ignore line: [COLLECT_GCC=/usr/bin/cc]
  ignore line: [COLLECT_LTO_WRAPPER=/usr/lib/gcc/x86_64-linux-gnu/9/lto-wrapper]
  ignore line: [OFFLOAD_TARGET_NAMES=nvptx-none:hsa]
  ignore line: [OFFLOAD_TARGET_DEFAULT=1]
  ignore line: [Target: x86_64-linux-gnu]
  ignore line: [Configured with: ../src/configure -v --with-pkgversion='Ubuntu 9.4.0-1ubuntu1~20.04.2' --with-bugurl=file:///usr/share/doc/gcc-9/README.Bugs --enable-languages=c ada c++ go brig d fortran objc obj-c++ gm2 --prefix=/usr --with-gcc-major-version-only --program-suffix=-9 --program-prefix=x86_64-linux-gnu- --enable-shared --enable-linker-build-id --libexecdir=/usr/lib --without-included-gettext --enable-threads=posix --libdir=/usr/lib --enable-nls --enable-clocale=gnu --enable-libstdcxx-debug --enable-libstdcxx-time=yes --with-default-libstdcxx-abi=new --enable-gnu-unique-object --disable-vtable-verify --enable-plugin --enable-default-pie --with-system-zlib --with-target-system-zlib=auto --enable-objc-gc=auto --enable-multiarch --disable-werror --with-arch-32=i686 --with-abi=m64 --with-multilib-list=m32 m64 mx32 --enable-multilib --with-tune=generic --enable-offload-targets=nvptx-none=/build/gcc-9-9QDOt0/gcc-9-9.4.0/debian/tmp-nvptx/usr hsa --without-cuda-driver --enable-checking=release --build=x86_64-linux-gnu --host=x86_64-linux-gnu --target=x86_64-linux-gnu]
  ignore line: [Thread model: posix]
  ignore line: [gcc version 9.4.0 (Ubuntu 9.4.0-1ubuntu1~20.04.2) ]
  ignore line: [COMPILER_PATH=/usr/lib/gcc/x86_64-linux-gnu/9/:/usr/lib/gcc/x86_64-linux-gnu/9/:/usr/lib/gcc/x86_64-linux-gnu/:/usr/lib/gcc/x86_64-linux-gnu/9/:/usr/lib/gcc/x86_64-linux-gnu/]
  ignore line: [LIBRARY_PATH=/usr/lib/gcc/x86_64-linux-gnu/9/:/usr/lib/gcc/x86_64-linux-gnu/9/../../../x86_64-linux-gnu/:/usr/lib/gcc/x86_64-linux-gnu/9/../../../../lib/:/lib/x86_64-linux-gnu/:/lib/../lib/:/usr/lib/x86_64-linux-gnu/:/usr/lib/../lib/:/usr/lib/gcc/x86_64-linux-gnu/9/../../../:/lib/:/usr/lib/]
  ignore line: [COLLECT_GCC_OPTIONS='-v' '-rdynamic' '-o' 'cmTC_5fdd0' '-mtune=generic' '-march=x86-64']
  link line: [ /usr/lib/gcc/x86_64-linux-gnu/9/collect2 -plugin /usr/lib/gcc/x86_64-linux-gnu/9/liblto_plugin.so -plugin-opt=/usr/lib/gcc/x86_64-linux-gnu/9/lto-wrapper -plugin-opt=-fresolution=/tmp/ccIe4gXi.res -plugin-opt=-pass-through=-lgcc -plugin-opt=-pass-through=-lgcc_s -plugin-opt=-pass-through=-lc -plugin-opt=-pass-through=-lgcc -plugin-opt=-pass-through=-lgcc_s --build-id --eh-frame-hdr -m elf_x86_64 --hash-style=gnu --as-needed -export-dynamic -dynamic-linker /lib64/ld-linux-x86-64.so.2 -pie -z now -z relro -o cmTC_5fdd0 /usr/lib/gcc/x86_64-linux-gnu/9/../../../x86_64-linux-gnu/Scrt1.o /usr/lib/gcc/x86_64-linux-gnu/9/../../../x86_64-linux-gnu/crti.o /usr/lib/gcc/x86_64-linux-gnu/9/crtbeginS.o -L/usr/lib/gcc/x86_64-linux-gnu/9 -L/usr/lib/gcc/x86_64-linux-gnu/9/../../../x86_64-linux-gnu -L/usr/lib/gcc/x86_64-linux-gnu/9/../../../../lib -L/lib/x86_64-linux-gnu -L/lib/../lib -L/usr/lib/x86_64-linux-gnu -L/usr/lib/../lib -L/usr/lib/gcc/x86_64-linux-gnu/9/../../.. CMakeFiles/cmTC_5fdd0.dir/CMakeCCompilerABI.c.o -lgcc --push-state --as-needed -lgcc_s --pop-state -lc -lgcc --push-state --as-needed -lgcc_s --pop-state /usr/lib/gcc/x86_64-linux-gnu/9/crtendS.o /usr/lib/gcc/x86_64-linux-gnu/9/../../../x86_64-linux-gnu/crtn.o]
    arg [/usr/lib/gcc/x86_64-linux-gnu/9/collect2] ==> ignore
    arg [-plugin] ==> ignore
    arg [/usr/lib/gcc/x86_64-linux-gnu/9/liblto_plugin.so] ==> ignore
    arg [-plugin-opt=/usr/lib/gcc/x86_64-linux-gnu/9/lto-wrapper] ==> ignore
    arg [-plugin-opt=-fresolution=/tmp/ccIe4gXi.res] ==> ignore
    arg [-plugin-opt=-pass-through=-lgcc] ==> ignore
    arg [-plugin-opt=-pass-through=-lgcc_s] ==> ignore
    arg [-plugin-opt=-pass-through=-lc] ==> ignore
    arg [-plugin-opt=-pass-through=-lgcc] ==> ignore
    arg [-plugin-opt=-pass-through=-lgcc_s] ==> ignore
    arg [--build-id] ==> ignore
    arg [--eh-frame-hdr] ==> ignore
    arg [-m] ==> ignore
    arg [elf_x86_64] ==> ignore
    arg [--hash-style=gnu] ==> ignore
    arg [--as-needed] ==> ignore
    arg [-export-dynamic] ==> ignore
    arg [-dynamic-linker] ==> ignore
    arg [/lib64/ld-linux-x86-64.so.2] ==> ignore
    arg [-pie] ==> ignore
    arg [-znow] ==> ignore
    arg [-zrelro] ==> ignore
    arg [-o] ==> ignore
    arg [cmTC_5fdd0] ==> ignore
    arg [/usr/lib/gcc/x86_64-linux-gnu/9/../../../x86_64-linux-gnu/Scrt1.o] ==> ignore
    arg [/usr/lib/gcc/x86_64-linux-gnu/9/../../../x86_64-linux-gnu/crti.o] ==> ignore
    arg [/usr/lib/gcc/x86_64-linux-gnu/9/crtbeginS.o] ==> ignore
    arg [-L/usr/lib/gcc/x86_64-linux-gnu/9] ==> dir [/usr/lib/gcc/x86_64-linux-gnu/9]
    arg [-L/usr/lib/gcc/x86_64-linux-gnu/9/../../../x86_64-linux-gnu] ==> dir [/usr/lib/gcc/x86_64-linux-gnu/9/../../../x86_64-linux-gnu]
    arg [-L/usr/lib/gcc/x86_64-linux-gnu/9/../../../../lib] ==> dir [/usr/lib/gcc/x86_64-linux-gnu/9/../../../../lib]
    arg [-L/lib/x86_64-linux-gnu] ==> dir [/lib/x86_64-linux-gnu]
    arg [-L/lib/../lib] ==> dir [/lib/../lib]
    arg [-L/usr/lib/x86_64-linux-gnu] ==> dir [/usr/lib/x86_64-linux-gnu]
    arg [-L/usr/lib/../lib] ==> dir [/usr/lib/../lib]
    arg [-L/usr/lib/gcc/x86_64-linux-gnu/9/../../..] ==> dir [/usr/lib/gcc/x86_64-linux-gnu/9/../../..]
    arg [CMakeFiles/cmTC_5fdd0.dir/CMakeCCompilerABI.c.o] ==> ignore
    arg [-lgcc] ==> lib [gcc]
    arg [--push-state] ==> ignore
    arg [--as-needed] ==> ignore
    arg [-lgcc_s] ==> lib [gcc_s]
    arg [--pop-state] ==> ignore
    arg [-lc] ==> lib [c]
    arg [-lgcc] ==> lib [gcc]
    arg [--push-state] ==> ignore
    arg [--as-needed] ==> ignore
    arg [-lgcc_s] ==> lib [gcc_s]
    arg [--pop-state] ==> ignore
    arg [/usr/lib/gcc/x86_64-linux-gnu/9/crtendS.o] ==> ignore
    arg [/usr/lib/gcc/x86_64-linux-gnu/9/../../../x86_64-linux-gnu/crtn.o] ==> ignore
  collapse library dir [/usr/lib/gcc/x86_64-linux-gnu/9] ==> [/usr/lib/gcc/x86_64-linux-gnu/9]
  collapse library dir [/usr/lib/gcc/x86_64-linux-gnu/9/../../../x86_64-linux-gnu] ==> [/usr/lib/x86_64-linux-gnu]
  collapse library dir [/usr/lib/gcc/x86_64-linux-gnu/9/../../../../lib] ==> [/usr/lib]
  collapse library dir [/lib/x86_64-linux-gnu] ==> [/lib/x86_64-linux-gnu]
  collapse library dir [/lib/../lib] ==> [/lib]
  collapse library dir [/usr/lib/x86_64-linux-gnu] ==> [/usr/lib/x86_64-linux-gnu]
  collapse library dir [/usr/lib/../lib] ==> [/usr/lib]
  collapse library dir [/usr/lib/gcc/x86_64-linux-gnu/9/../../..] ==> [/usr/lib]
  implicit libs: [gcc;gcc_s;c;gcc;gcc_s]
  implicit dirs: [/usr/lib/gcc/x86_64-linux-gnu/9;/usr/lib/x86_64-linux-gnu;/usr/lib;/lib/x86_64-linux-gnu;/lib]
  implicit fwks: []


Determining if the CXX compiler works passed with the following output:
Change Dir: /home/jun/work/share/github/srt/CMakeFiles/CMakeTmp

Run Build Command(s):/usr/bin/make cmTC_22778/fast && /usr/bin/make -f CMakeFiles/cmTC_22778.dir/build.make CMakeFiles/cmTC_22778.dir/build
make[1]: Entering directory '/home/jun/work/share/github/srt/CMakeFiles/CMakeTmp'
Building CXX object CMakeFiles/cmTC_22778.dir/testCXXCompiler.cxx.o
/usr/bin/c++     -o CMakeFiles/cmTC_22778.dir/testCXXCompiler.cxx.o -c /home/jun/work/share/github/srt/CMakeFiles/CMakeTmp/testCXXCompiler.cxx
Linking CXX executable cmTC_22778
/usr/bin/cmake -E cmake_link_script CMakeFiles/cmTC_22778.dir/link.txt --verbose=1
/usr/bin/c++       -rdynamic CMakeFiles/cmTC_22778.dir/testCXXCompiler.cxx.o  -o cmTC_22778 
make[1]: Leaving directory '/home/jun/work/share/github/srt/CMakeFiles/CMakeTmp'



Detecting CXX compiler ABI info compiled with the following output:
Change Dir: /home/jun/work/share/github/srt/CMakeFiles/CMakeTmp

Run Build Command(s):/usr/bin/make cmTC_d9cc5/fast && /usr/bin/make -f CMakeFiles/cmTC_d9cc5.dir/build.make CMakeFiles/cmTC_d9cc5.dir/build
make[1]: Entering directory '/home/jun/work/share/github/srt/CMakeFiles/CMakeTmp'
Building CXX object CMakeFiles/cmTC_d9cc5.dir/CMakeCXXCompilerABI.cpp.o
/usr/bin/c++    -v -o CMakeFiles/cmTC_d9cc5.dir/CMakeCXXCompilerABI.cpp.o -c /usr/share/cmake-3.16/Modules/CMakeCXXCompilerABI.cpp
Using built-in specs.
COLLECT_GCC=/usr/bin/c++
OFFLOAD_TARGET_NAMES=nvptx-none:hsa
OFFLOAD_TARGET_DEFAULT=1
Target: x86_64-linux-gnu
Configured with: ../src/configure -v --with-pkgversion='Ubuntu 9.4.0-1ubuntu1~20.04.2' --with-bugurl=file:///usr/share/doc/gcc-9/README.Bugs --enable-languages=c,ada,c++,go,brig,d,fortran,objc,obj-c++,gm2 --prefix=/usr --with-gcc-major-version-only --program-suffix=-9 --program-prefix=x86_64-linux-gnu- --enable-shared --enable-linker-build-id --libexecdir=/usr/lib --without-included-gettext --enable-threads=posix --libdir=/usr/lib --enable-nls --enable-clocale=gnu --enable-libstdcxx-debug --enable-libstdcxx-time=yes --with-default-libstdcxx-abi=new --enable-gnu-unique-object --disable-vtable-verify --enable-plugin --enable-default-pie --with-system-zlib --with-target-system-zlib=auto --enable-objc-gc=auto --enable-multiarch --disable-werror --with-arch-32=i686 --with-abi=m64 --with-multilib-list=m32,m64,mx32 --enable-multilib --with-tune=generic --enable-offload-targets=nvptx-none=/build/gcc-9-9QDOt0/gcc-9-9.4.0/debian/tmp-nvptx/usr,hsa --without-cuda-driver --enable-checking=release --build=x86_64-linux-gnu --host=x86_64-linux-gnu --target=x86_64-linux-gnu
Thread model: posix
gcc version 9.4.0 (Ubuntu 9.4.0-1ubuntu1~20.04.2) 
COLLECT_GCC_OPTIONS='-v' '-o' 'CMakeFiles/cmTC_d9cc5.dir/CMakeCXXCompilerABI.cpp.o' '-c' '-shared-libgcc' '-mtune=generic' '-march=x86-64'
 /usr/lib/gcc/x86_64-linux-gnu/9/cc1plus -quiet -v -imultiarch x86_64-linux-gnu -D_GNU_SOURCE /usr/share/cmake-3.16/Modules/CMakeCXXCompilerABI.cpp -quiet -dumpbase CMakeCXXCompilerABI.cpp -mtune=generic -march=x86-64 -auxbase-strip CMakeFiles/cmTC_d9cc5.dir/CMakeCXXCompilerABI.cpp.o -version -fasynchronous-unwind-tables -fstack-protector-strong -Wformat -Wformat-security -fstack-clash-protection -fcf-protection -o /tmp/cc3Ivp3y.s
GNU C++14 (Ubuntu 9.4.0-1ubuntu1~20.04.2) version 9.4.0 (x86_64-linux-gnu)
	compiled by GNU C version 9.4.0, GMP version 6.2.0, MPFR version 4.0.2, MPC version 1.1.0, isl version isl-0.22.1-GMP

GGC heuristics: --param ggc-min-expand=100 --param ggc-min-heapsize=131072
ignoring duplicate directory "/usr/include/x86_64-linux-gnu/c++/9"
ignoring nonexistent directory "/usr/local/include/x86_64-linux-gnu"
ignoring nonexistent directory "/usr/lib/gcc/x86_64-linux-gnu/9/include-fixed"
ignoring nonexistent directory "/usr/lib/gcc/x86_64-linux-gnu/9/../../../../x86_64-linux-gnu/include"
#include "..." search starts here:
#include <...> search starts here:
 /usr/include/c++/9
 /usr/include/x86_64-linux-gnu/c++/9
 /usr/include/c++/9/backward
 /usr/lib/gcc/x86_64-linux-gnu/9/include
 /usr/local/include
 /usr/include/x86_64-linux-gnu
 /usr/include
End of search list.
GNU C++14 (Ubuntu 9.4.0-1ubuntu1~20.04.2) version 9.4.0 (x86_64-linux-gnu)
	compiled by GNU C version 9.4.0, GMP version 6.2.0, MPFR version 4.0.2, MPC version 1.1.0, isl version isl-0.22.1-GMP

GGC heuristics: --param ggc-min-expand=100 --param ggc-min-heapsize=131072
Compiler executable checksum: 3d1eba838554fa2348dba760e4770469
COLLECT_GCC_OPTIONS='-v' '-o' 'CMakeFiles/cmTC_d9cc5.dir/CMakeCXXCompilerABI.cpp.o' '-c' '-shared-libgcc' '-mtune=generic' '-march=x86-64'
 as -v --64 -o CMakeFiles/cmTC_d9cc5.dir/CMakeCXXCompilerABI.cpp.o /tmp/cc3Ivp3y.s
GNU assembler version 2.34 (x86_64-linux-gnu) using BFD version (GNU Binutils for Ubuntu) 2.34
COMPILER_PATH=/usr/lib/gcc/x86_64-linux-gnu/9/:/usr/lib/gcc/x86_64-linux-gnu/9/:/usr/lib/gcc/x86_64-linux-gnu/:/usr/lib/gcc/x86_64-linux-gnu/9/:/usr/lib/gcc/x86_64-linux-gnu/
LIBRARY_PATH=/usr/lib/gcc/x86_64-linux-gnu/9/:/usr/lib/gcc/x86_64-linux-gnu/9/../../../x86_64-linux-gnu/:/usr/lib/gcc/x86_64-linux-gnu/9/../../../../lib/:/lib/x86_64-linux-gnu/:/lib/../lib/:/usr/lib/x86_64-linux-gnu/:/usr/lib/../lib/:/usr/lib/gcc/x86_64-linux-gnu/9/../../../:/lib/:/usr/lib/
COLLECT_GCC_OPTIONS='-v' '-o' 'CMakeFiles/cmTC_d9cc5.dir/CMakeCXXCompilerABI.cpp.o' '-c' '-shared-libgcc' '-mtune=generic' '-march=x86-64'
Linking CXX executable cmTC_d9cc5
/usr/bin/cmake -E cmake_link_script CMakeFiles/cmTC_d9cc5.dir/link.txt --verbose=1
/usr/bin/c++      -v -rdynamic CMakeFiles/cmTC_d9cc5.dir/CMakeCXXCompilerABI.cpp.o  -o cmTC_d9cc5 
Using built-in specs.
COLLECT_GCC=/usr/bin/c++
COLLECT_LTO_WRAPPER=/usr/lib/gcc/x86_64-linux-gnu/9/lto-wrapper
OFFLOAD_TARGET_NAMES=nvptx-none:hsa
OFFLOAD_TARGET_DEFAULT=1
Target: x86_64-linux-gnu
Configured with: ../src/configure -v --with-pkgversion='Ubuntu 9.4.0-1ubuntu1~20.04.2' --with-bugurl=file:///usr/share/doc/gcc-9/README.Bugs --enable-languages=c,ada,c++,go,brig,d,fortran,objc,obj-c++,gm2 --prefix=/usr --with-gcc-major-version-only --program-suffix=-9 --program-prefix=x86_64-linux-gnu- --enable-shared --enable-linker-build-id --libexecdir=/usr/lib --without-included-gettext --enable-threads=posix --libdir=/usr/lib --enable-nls --enable-clocale=gnu --enable-libstdcxx-debug --enable-libstdcxx-time=yes --with-default-libstdcxx-abi=new --enable-gnu-unique-object --disable-vtable-verify --enable-plugin --enable-default-pie --with-system-zlib --with-target-system-zlib=auto --enable-objc-gc=auto --enable-multiarch --disable-werror --with-arch-32=i686 --with-abi=m64 --with-multilib-list=m32,m64,mx32 --enable-multilib --with-tune=generic --enable-offload-targets=nvptx-none=/build/gcc-9-9QDOt0/gcc-9-9.4.0/debian/tmp-nvptx/usr,hsa --without-cuda-driver --enable-checking=release --build=x86_64-linux-gnu --host=x86_64-linux-gnu --target=x86_64-linux-gnu
Thread model: posix
gcc version 9.4.0 (Ubuntu 9.4.0-1ubuntu1~20.04.2) 
COMPILER_PATH=/usr/lib/gcc/x86_64-linux-gnu/9/:/usr/lib/gcc/x86_64-linux-gnu/9/:/usr/lib/gcc/x86_64-linux-gnu/:/usr/lib/gcc/x86_64-linux-gnu/9/:/usr/lib/gcc/x86_64-linux-gnu/
LIBRARY_PATH=/usr/lib/gcc/x86_64-linux-gnu/9/:/usr/lib/gcc/x86_64-linux-gnu/9/../../../x86_64-linux-gnu/:/usr/lib/gcc/x86_64-linux-gnu/9/../../../../lib/:/lib/x86_64-linux-gnu/:/lib/../lib/:/usr/lib/x86_64-linux-gnu/:/usr/lib/../lib/:/usr/lib/gcc/x86_64-linux-gnu/9/../../../:/lib/:/usr/lib/
COLLECT_GCC_OPTIONS='-v' '-rdynamic' '-o' 'cmTC_d9cc5' '-shared-libgcc' '-mtune=generic' '-march=x86-64'
 /usr/lib/gcc/x86_64-linux-gnu/9/collect2 -plugin /usr/lib/gcc/x86_64-linux-gnu/9/liblto_plugin.so -plugin-opt=/usr/lib/gcc/x86_64-linux-gnu/9/lto-wrapper -plugin-opt=-fresolution=/tmp/ccQhgO9V.res -plugin-opt=-pass-through=-lgcc_s -plugin-opt=-pass-through=-lgcc -plugin-opt=-pass-through=-lc -plugin-opt=-pass-through=-lgcc_s -plugin-opt=-pass-through=-lgcc --build-id --eh-frame-hdr -m elf_x86_64 --hash-style=gnu --as-needed -export-dynamic -dynamic-linker /lib64/ld-linux-x86-64.so.2 -pie -z now -z relro -o cmTC_d9cc5 /usr/lib/gcc/x86_64-linux-gnu/9/../../../x86_64-linux-gnu/Scrt1.o /usr/lib/gcc/x86_64-linux-gnu/9/../../../x86_64-linux-gnu/crti.o /usr/lib/gcc/x86_64-linux-gnu/9/crtbeginS.o -L/usr/lib/gcc/x86_64-linux-gnu/9 -L/usr/lib/gcc/x86_64-linux-gnu/9/../../../x86_64-linux-gnu -L/usr/lib/gcc/x86_64-linux-gnu/9/../../../../lib -L/lib/x86_64-linux-gnu -L/lib/../lib -L/usr/lib/x86_64-linux-gnu -L/usr/lib/../lib -L/usr/lib/gcc/x86_64-linux-gnu/9/../../.. CMakeFiles/cmTC_d9cc5.dir/CMakeCXXCompilerABI.cpp.o -lstdc++ -lm -lgcc_s -lgcc -lc -lgcc_s -lgcc /usr/lib/gcc/x86_64-linux-gnu/9/crtendS.o /usr/lib/gcc/x86_64-linux-gnu/9/../../../x86_64-linux-gnu/crtn.o
COLLECT_GCC_OPTIONS='-v' '-rdynamic' '-o' 'cmTC_d9cc5' '-shared-libgcc' '-mtune=generic' '-march=x86-64'
make[1]: Leaving directory '/home/jun/work/share/github/srt/CMakeFiles/CMakeTmp'



Parsed CXX implicit include dir info from above output: rv=done
  found start of include info
  found start of implicit include info
    add: [/usr/include/c++/9]
    add: [/usr/include/x86_64-linux-gnu/c++/9]
    add: [/usr/include/c++/9/backward]
    add: [/usr/lib/gcc/x86_64-linux-gnu/9/include]
    add: [/usr/local/include]
    add: [/usr/include/x86_64-linux-gnu]
    add: [/usr/include]
  end of search list found
  collapse include dir [/usr/include/c++/9] ==> [/usr/include/c++/9]
  collapse include dir [/usr/include/x86_64-linux-gnu/c++/9] ==> [/usr/include/x86_64-linux-gnu/c++/9]
  collapse include dir [/usr/include/c++/9/backward] ==> [/usr/include/c++/9/backward]
  collapse include dir [/usr/lib/gcc/x86_64-linux-gnu/9/include] ==> [/usr/lib/gcc/x86_64-linux-gnu/9/include]
  collapse include dir [/usr/local/include] ==> [/usr/local/include]
  collapse include dir [/usr/include/x86_64-linux-gnu] ==> [/usr/include/x86_64-linux-gnu]
  collapse include dir [/usr/include] ==> [/usr/include]
  implicit include dirs: [/usr/include/c++/9;/usr/include/x86_64-linux-gnu/c++/9;/usr/include/c++/9/backward;/usr/lib/gcc/x86_64-linux-gnu/9/include;/usr/local/include;/usr/include/x86_64-linux-gnu;/usr/include]


Parsed CXX implicit link information from above output:
  link line regex: [^( *|.*[/\])(ld|CMAKE_LINK_STARTFILE-NOTFOUND|([^/\]+-)?ld|collect2)[^/\]*( |$)]
  ignore line: [Change Dir: /home/jun/work/share/github/srt/CMakeFiles/CMakeTmp]
  ignore line: []
  ignore line: [Run Build Command(s):/usr/bin/make cmTC_d9cc5/fast && /usr/bin/make -f CMakeFiles/cmTC_d9cc5.dir/build.make CMakeFiles/cmTC_d9cc5.dir/build]
  ignore line: [make[1]: Entering directory '/home/jun/work/share/github/srt/CMakeFiles/CMakeTmp']
  ignore line: [Building CXX object CMakeFiles/cmTC_d9cc5.dir/CMakeCXXCompilerABI.cpp.o]
  ignore line: [/usr/bin/c++    -v -o CMakeFiles/cmTC_d9cc5.dir/CMakeCXXCompilerABI.cpp.o -c /usr/share/cmake-3.16/Modules/CMakeCXXCompilerABI.cpp]
  ignore line: [Using built-in specs.]
  ignore line: [COLLECT_GCC=/usr/bin/c++]
  ignore line: [OFFLOAD_TARGET_NAMES=nvptx-none:hsa]
  ignore line: [OFFLOAD_TARGET_DEFAULT=1]
  ignore line: [Target: x86_64-linux-gnu]
  ignore line: [Configured with: ../src/configure -v --with-pkgversion='Ubuntu 9.4.0-1ubuntu1~20.04.2' --with-bugurl=file:///usr/share/doc/gcc-9/README.Bugs --enable-languages=c ada c++ go brig d fortran objc obj-c++ gm2 --prefix=/usr --with-gcc-major-version-only --program-suffix=-9 --program-prefix=x86_64-linux-gnu- --enable-shared --enable-linker-build-id --libexecdir=/usr/lib --without-included-gettext --enable-threads=posix --libdir=/usr/lib --enable-nls --enable-clocale=gnu --enable-libstdcxx-debug --enable-libstdcxx-time=yes --with-default-libstdcxx-abi=new --enable-gnu-unique-object --disable-vtable-verify --enable-plugin --enable-default-pie --with-system-zlib --with-target-system-zlib=auto --enable-objc-gc=auto --enable-multiarch --disable-werror --with-arch-32=i686 --with-abi=m64 --with-multilib-list=m32 m64 mx32 --enable-multilib --with-tune=generic --enable-offload-targets=nvptx-none=/build/gcc-9-9QDOt0/gcc-9-9.4.0/debian/tmp-nvptx/usr hsa --without-cuda-driver --enable-checking=release --build=x86_64-linux-gnu --host=x86_64-linux-gnu --target=x86_64-linux-gnu]
  ignore line: [Thread model: posix]
  ignore line: [gcc version 9.4.0 (Ubuntu 9.4.0-1ubuntu1~20.04.2) ]
  ignore line: [COLLECT_GCC_OPTIONS='-v' '-o' 'CMakeFiles/cmTC_d9cc5.dir/CMakeCXXCompilerABI.cpp.o' '-c' '-shared-libgcc' '-mtune=generic' '-march=x86-64']
  ignore line: [ /usr/lib/gcc/x86_64-linux-gnu/9/cc1plus -quiet -v -imultiarch x86_64-linux-gnu -D_GNU_SOURCE /usr/share/cmake-3.16/Modules/CMakeCXXCompilerABI.cpp -quiet -dumpbase CMakeCXXCompilerABI.cpp -mtune=generic -march=x86-64 -auxbase-strip CMakeFiles/cmTC_d9cc5.dir/CMakeCXXCompilerABI.cpp.o -version -fasynchronous-unwind-tables -fstack-protector-strong -Wformat -Wformat-security -fstack-clash-protection -fcf-protection -o /tmp/cc3Ivp3y.s]
  ignore line: [GNU C++14 (Ubuntu 9.4.0-1ubuntu1~20.04.2) version 9.4.0 (x86_64-linux-gnu)]
  ignore line: [	compiled by GNU C version 9.4.0  GMP version 6.2.0  MPFR version 4.0.2  MPC version 1.1.0  isl version isl-0.22.1-GMP]
  ignore line: []
  ignore line: [GGC heuristics: --param ggc-min-expand=100 --param ggc-min-heapsize=131072]
  ignore line: [ignoring duplicate directory "/usr/include/x86_64-linux-gnu/c++/9"]
  ignore line: [ignoring nonexistent directory "/usr/local/include/x86_64-linux-gnu"]
  ignore line: [ignoring nonexistent directory "/usr/lib/gcc/x86_64-linux-gnu/9/include-fixed"]
  ignore line: [ignoring nonexistent directory "/usr/lib/gcc/x86_64-linux-gnu/9/../../../../x86_64-linux-gnu/include"]
  ignore line: [#include "..." search starts here:]
  ignore line: [#include <...> search starts here:]
  ignore line: [ /usr/include/c++/9]
  ignore line: [ /usr/include/x86_64-linux-gnu/c++/9]
  ignore line: [ /usr/include/c++/9/backward]
  ignore line: [ /usr/lib/gcc/x86_64-linux-gnu/9/include]
  ignore line: [ /usr/local/include]
  ignore line: [ /usr/include/x86_64-linux-gnu]
  ignore line: [ /usr/include]
  ignore line: [End of search list.]
  ignore line: [GNU C++14 (Ubuntu 9.4.0-1ubuntu1~20.04.2) version 9.4.0 (x86_64-linux-gnu)]
  ignore line: [	compiled by GNU C version 9.4.0  GMP version 6.2.0  MPFR version 4.0.2  MPC version 1.1.0  isl version isl-0.22.1-GMP]
  ignore line: []
  ignore line: [GGC heuristics: --param ggc-min-expand=100 --param ggc-min-heapsize=131072]
  ignore line: [Compiler executable checksum: 3d1eba838554fa2348dba760e4770469]
  ignore line: [COLLECT_GCC_OPTIONS='-v' '-o' 'CMakeFiles/cmTC_d9cc5.dir/CMakeCXXCompilerABI.cpp.o' '-c' '-shared-libgcc' '-mtune=generic' '-march=x86-64']
  ignore line: [ as -v --64 -o CMakeFiles/cmTC_d9cc5.dir/CMakeCXXCompilerABI.cpp.o /tmp/cc3Ivp3y.s]
  ignore line: [GNU assembler version 2.34 (x86_64-linux-gnu) using BFD version (GNU Binutils for Ubuntu) 2.34]
  ignore line: [COMPILER_PATH=/usr/lib/gcc/x86_64-linux-gnu/9/:/usr/lib/gcc/x86_64-linux-gnu/9/:/usr/lib/gcc/x86_64-linux-gnu/:/usr/lib/gcc/x86_64-linux-gnu/9/:/usr/lib/gcc/x86_64-linux-gnu/]
  ignore line: [LIBRARY_PATH=/usr/lib/gcc/x86_64-linux-gnu/9/:/usr/lib/gcc/x86_64-linux-gnu/9/../../../x86_64-linux-gnu/:/usr/lib/gcc/x86_64-linux-gnu/9/../../../../lib/:/lib/x86_64-linux-gnu/:/lib/../lib/:/usr/lib/x86_64-linux-gnu/:/usr/lib/../lib/:/usr/lib/gcc/x86_64-linux-gnu/9/../../../:/lib/:/usr/lib/]
  ignore line: [COLLECT_GCC_OPTIONS='-v' '-o' 'CMakeFiles/cmTC_d9cc5.dir/CMakeCXXCompilerABI.cpp.o' '-c' '-shared-libgcc' '-mtune=generic' '-march=x86-64']
  ignore line: [Linking CXX executable cmTC_d9cc5]
  ignore line: [/usr/bin/cmake -E cmake_link_script CMakeFiles/cmTC_d9cc5.dir/link.txt --verbose=1]
  ignore line: [/usr/bin/c++      -v -rdynamic CMakeFiles/cmTC_d9cc5.dir/CMakeCXXCompilerABI.cpp.o  -o cmTC_d9cc5 ]
  ignore line: [Using built-in specs.]
  ignore line: [COLLECT_GCC=/usr/bin/c++]
  ignore line: [COLLECT_LTO_WRAPPER=/usr/lib/gcc/x86_64-linux-gnu/9/lto-wrapper]
  ignore line: [OFFLOAD_TARGET_NAMES=nvptx-none:hsa]
  ignore line: [OFFLOAD_TARGET_DEFAULT=1]
  ignore line: [Target: x86_64-linux-gnu]
  ignore line: [Configured with: ../src/configure -v --with-pkgversion='Ubuntu 9.4.0-1ubuntu1~20.04.2' --with-bugurl=file:///usr/share/doc/gcc-9/README.Bugs --enable-languages=c ada c++ go brig d fortran objc obj-c++ gm2 --prefix=/usr --with-gcc-major-version-only --program-suffix=-9 --program-prefix=x86_64-linux-gnu- --enable-shared --enable-linker-build-id --libexecdir=/usr/lib --without-included-gettext --enable-threads=posix --libdir=/usr/lib --enable-nls --enable-clocale=gnu --enable-libstdcxx-debug --enable-libstdcxx-time=yes --with-default-libstdcxx-abi=new --enable-gnu-unique-object --disable-vtable-verify --enable-plugin --enable-default-pie --with-system-zlib --with-target-system-zlib=auto --enable-objc-gc=auto --enable-multiarch --disable-werror --with-arch-32=i686 --with-abi=m64 --with-multilib-list=m32 m64 mx32 --enable-multilib --with-tune=generic --enable-offload-targets=nvptx-none=/build/gcc-9-9QDOt0/gcc-9-9.4.0/debian/tmp-nvptx/usr hsa --without-cuda-driver --enable-checking=release --build=x86_64-linux-gnu --host=x86_64-linux-gnu --target=x86_64-linux-gnu]
  ignore line: [Thread model: posix]
  ignore line: [gcc version 9.4.0 (Ubuntu 9.4.0-1ubuntu1~20.04.2) ]
  ignore line: [COMPILER_PATH=/usr/lib/gcc/x86_64-linux-gnu/9/:/usr/lib/gcc/x86_64-linux-gnu/9/:/usr/lib/gcc/x86_64-linux-gnu/:/usr/lib/gcc/x86_64-linux-gnu/9/:/usr/lib/gcc/x86_64-linux-gnu/]
  ignore line: [LIBRARY_PATH=/usr/lib/gcc/x86_64-linux-gnu/9/:/usr/lib/gcc/x86_64-linux-gnu/9/../../../x86_64-linux-gnu/:/usr/lib/gcc/x86_64-linux-gnu/9/../../../../lib/:/lib/x86_64-linux-gnu/:/lib/../lib/:/usr/lib/x86_64-linux-gnu/:/usr/lib/../lib/:/usr/lib/gcc/x86_64-linux-gnu/9/../../../:/lib/:/usr/lib/]
  ignore line: [COLLECT_GCC_OPTIONS='-v' '-rdynamic' '-o' 'cmTC_d9cc5' '-shared-libgcc' '-mtune=generic' '-march=x86-64']
  link line: [ /usr/lib/gcc/x86_64-linux-gnu/9/collect2 -plugin /usr/lib/gcc/x86_64-linux-gnu/9/liblto_plugin.so -plugin-opt=/usr/lib/gcc/x86_64-linux-gnu/9/lto-wrapper -plugin-opt=-fresolution=/tmp/ccQhgO9V.res -plugin-opt=-pass-through=-lgcc_s -plugin-opt=-pass-through=-lgcc -plugin-opt=-pass-through=-lc -plugin-opt=-pass-through=-lgcc_s -plugin-opt=-pass-through=-lgcc --build-id --eh-frame-hdr -m elf_x86_64 --hash-style=gnu --as-needed -export-dynamic -dynamic-linker /lib64/ld-linux-x86-64.so.2 -pie -z now -z relro -o cmTC_d9cc5 /usr/lib/gcc/x86_64-linux-gnu/9/../../../x86_64-linux-gnu/Scrt1.o /usr/lib/gcc/x86_64-linux-gnu/9/../../../x86_64-linux-gnu/crti.o /usr/lib/gcc/x86_64-linux-gnu/9/crtbeginS.o -L/usr/lib/gcc/x86_64-linux-gnu/9 -L/usr/lib/gcc/x86_64-linux-gnu/9/../../../x86_64-linux-gnu -L/usr/lib/gcc/x86_64-linux-gnu/9/../../../../lib -L/lib/x86_64-linux-gnu -L/lib/../lib -L/usr/lib/x86_64-linux-gnu -L/usr/lib/../lib -L/usr/lib/gcc/x86_64-linux-gnu/9/../../.. CMakeFiles/cmTC_d9cc5.dir/CMakeCXXCompilerABI.cpp.o -lstdc++ -lm -lgcc_s -lgcc -lc -lgcc_s -lgcc /usr/lib/gcc/x86_64-linux-gnu/9/crtendS.o /usr/lib/gcc/x86_64-linux-gnu/9/../../../x86_64-linux-gnu/crtn.o]
    arg [/usr/lib/gcc/x86_64-linux-gnu/9/collect2] ==> ignore
    arg [-plugin] ==> ignore
    arg [/usr/lib/gcc/x86_64-linux-gnu/9/liblto_plugin.so] ==> ignore
    arg [-plugin-opt=/usr/lib/gcc/x86_64-linux-gnu/9/lto-wrapper] ==> ignore
    arg [-plugin-opt=-fresolution=/tmp/ccQhgO9V.res] ==> ignore
    arg [-plugin-opt=-pass-through=-lgcc_s] ==> ignore
    arg [-plugin-opt=-pass-through=-lgcc] ==> ignore
    arg [-plugin-opt=-pass-through=-lc] ==> ignore
    arg [-plugin-opt=-pass-through=-lgcc_s] ==> ignore
    arg [-plugin-opt=-pass-through=-lgcc] ==> ignore
    arg [--build-id] ==> ignore
    arg [--eh-frame-hdr] ==> ignore
    arg [-m] ==> ignore
    arg [elf_x86_64] ==> ignore
    arg [--hash-style=gnu] ==> ignore
    arg [--as-needed] ==> ignore
    arg [-export-dynamic] ==> ignore
    arg [-dynamic-linker] ==> ignore
    arg [/lib64/ld-linux-x86-64.so.2] ==> ignore
    arg [-pie] ==> ignore
    arg [-znow] ==> ignore
    arg [-zrelro] ==> ignore
    arg [-o] ==> ignore
    arg [cmTC_d9cc5] ==> ignore
    arg [/usr/lib/gcc/x86_64-linux-gnu/9/../../../x86_64-linux-gnu/Scrt1.o] ==> ignore
    arg [/usr/lib/gcc/x86_64-linux-gnu/9/../../../x86_64-linux-gnu/crti.o] ==> ignore
    arg [/usr/lib/gcc/x86_64-linux-gnu/9/crtbeginS.o] ==> ignore
    arg [-L/usr/lib/gcc/x86_64-linux-gnu/9] ==> dir [/usr/lib/gcc/x86_64-linux-gnu/9]
    arg [-L/usr/lib/gcc/x86_64-linux-gnu/9/../../../x86_64-linux-gnu] ==> dir [/usr/lib/gcc/x86_64-linux-gnu/9/../../../x86_64-linux-gnu]
    arg [-L/usr/lib/gcc/x86_64-linux-gnu/9/../../../../lib] ==> dir [/usr/lib/gcc/x86_64-linux-gnu/9/../../../../lib]
    arg [-L/lib/x86_64-linux-gnu] ==> dir [/lib/x86_64-linux-gnu]
    arg [-L/lib/../lib] ==> dir [/lib/../lib]
    arg [-L/usr/lib/x86_64-linux-gnu] ==> dir [/usr/lib/x86_64-linux-gnu]
    arg [-L/usr/lib/../lib] ==> dir [/usr/lib/../lib]
    arg [-L/usr/lib/gcc/x86_64-linux-gnu/9/../../..] ==> dir [/usr/lib/gcc/x86_64-linux-gnu/9/../../..]
    arg [CMakeFiles/cmTC_d9cc5.dir/CMakeCXXCompilerABI.cpp.o] ==> ignore
    arg [-lstdc++] ==> lib [stdc++]
    arg [-lm] ==> lib [m]
    arg [-lgcc_s] ==> lib [gcc_s]
    arg [-lgcc] ==> lib [gcc]
    arg [-lc] ==> lib [c]
    arg [-lgcc_s] ==> lib [gcc_s]
    arg [-lgcc] ==> lib [gcc]
    arg [/usr/lib/gcc/x86_64-linux-gnu/9/crtendS.o] ==> ignore
    arg [/usr/lib/gcc/x86_64-linux-gnu/9/../../../x86_64-linux-gnu/crtn.o] ==> ignore
  collapse library dir [/usr/lib/gcc/x86_64-linux-gnu/9] ==> [/usr/lib/gcc/x86_64-linux-gnu/9]
  collapse library dir [/usr/lib/gcc/x86_64-linux-gnu/9/../../../x86_64-linux-gnu] ==> [/usr/lib/x86_64-linux-gnu]
  collapse library dir [/usr/lib/gcc/x86_64-linux-gnu/9/../../../../lib] ==> [/usr/lib]
  collapse library dir [/lib/x86_64-linux-gnu] ==> [/lib/x86_64-linux-gnu]
  collapse library dir [/lib/../lib] ==> [/lib]
  collapse library dir [/usr/lib/x86_64-linux-gnu] ==> [/usr/lib/x86_64-linux-gnu]
  collapse library dir [/usr/lib/../lib] ==> [/usr/lib]
  collapse library dir [/usr/lib/gcc/x86_64-linux-gnu/9/../../..] ==> [/usr/lib]
  implicit libs: [stdc++;m;gcc_s;gcc;c;gcc_s;gcc]
  implicit dirs: [/usr/lib/gcc/x86_64-linux-gnu/9;/usr/lib/x86_64-linux-gnu;/usr/lib;/lib/x86_64-linux-gnu;/lib]
  implicit fwks: []


Determining if the include file pthread.h exists passed with the following output:
Change Dir: /home/jun/work/share/github/srt/CMakeFiles/CMakeTmp

Run Build Command(s):/usr/bin/make cmTC_62bca/fast && /usr/bin/make -f CMakeFiles/cmTC_62bca.dir/build.make CMakeFiles/cmTC_62bca.dir/build
make[1]: Entering directory '/home/jun/work/share/github/srt/CMakeFiles/CMakeTmp'
Building C object CMakeFiles/cmTC_62bca.dir/CheckIncludeFile.c.o
/usr/bin/cc    -o CMakeFiles/cmTC_62bca.dir/CheckIncludeFile.c.o   -c /home/jun/work/share/github/srt/CMakeFiles/CMakeTmp/CheckIncludeFile.c
Linking C executable cmTC_62bca
/usr/bin/cmake -E cmake_link_script CMakeFiles/cmTC_62bca.dir/link.txt --verbose=1
/usr/bin/cc      -rdynamic CMakeFiles/cmTC_62bca.dir/CheckIncludeFile.c.o  -o cmTC_62bca 
make[1]: Leaving directory '/home/jun/work/share/github/srt/CMakeFiles/CMakeTmp'



Determining if the function pthread_create exists in the pthread passed with the following output:
Change Dir: /home/jun/work/share/github/srt/CMakeFiles/CMakeTmp

Run Build Command(s):/usr/bin/make cmTC_bb37a/fast && /usr/bin/make -f CMakeFiles/cmTC_bb37a.dir/build.make CMakeFiles/cmTC_bb37a.dir/build
make[1]: Entering directory '/home/jun/work/share/github/srt/CMakeFiles/CMakeTmp'
Building C object CMakeFiles/cmTC_bb37a.dir/CheckFunctionExists.c.o
/usr/bin/cc   -DCHECK_FUNCTION_EXISTS=pthread_create   -o CMakeFiles/cmTC_bb37a.dir/CheckFunctionExists.c.o   -c /usr/share/cmake-3.16/Modules/CheckFunctionExists.c
Linking C executable cmTC_bb37a
/usr/bin/cmake -E cmake_link_script CMakeFiles/cmTC_bb37a.dir/link.txt --verbose=1
/usr/bin/cc  -DCHECK_FUNCTION_EXISTS=pthread_create    -rdynamic CMakeFiles/cmTC_bb37a.dir/CheckFunctionExists.c.o  -o cmTC_bb37a  -lpthread 
make[1]: Leaving directory '/home/jun/work/share/github/srt/CMakeFiles/CMakeTmp'



Performing C++ SOURCE FILE Test HAVE_CLOCK_GETTIME_IN succeeded with the following output:
Change Dir: /home/jun/work/share/github/srt/CMakeFiles/CMakeTmp

Run Build Command(s):/usr/bin/make cmTC_5280f/fast && /usr/bin/make -f CMakeFiles/cmTC_5280f.dir/build.make CMakeFiles/cmTC_5280f.dir/build
make[1]: Entering directory '/home/jun/work/share/github/srt/CMakeFiles/CMakeTmp'
Building CXX object CMakeFiles/cmTC_5280f.dir/src.cxx.o
/usr/bin/c++    -DHAVE_CLOCK_GETTIME_IN   -o CMakeFiles/cmTC_5280f.dir/src.cxx.o -c /home/jun/work/share/github/srt/CMakeFiles/CMakeTmp/src.cxx
Linking CXX executable cmTC_5280f
/usr/bin/cmake -E cmake_link_script CMakeFiles/cmTC_5280f.dir/link.txt --verbose=1
/usr/bin/c++   -DHAVE_CLOCK_GETTIME_IN    -rdynamic CMakeFiles/cmTC_5280f.dir/src.cxx.o  -o cmTC_5280f 
make[1]: Leaving directory '/home/jun/work/share/github/srt/CMakeFiles/CMakeTmp'


Source file was:

		#include <time.h>
		int main() {
		  timespec res;
		  int result = clock_gettime(CLOCK_MONOTONIC, &res);
		  return result == 0;
		}
	
Determining if the function inet_pton exists passed with the following output:
Change Dir: /home/jun/work/share/github/srt/CMakeFiles/CMakeTmp

Run Build Command(s):/usr/bin/make cmTC_2e165/fast && /usr/bin/make -f CMakeFiles/cmTC_2e165.dir/build.make CMakeFiles/cmTC_2e165.dir/build
make[1]: Entering directory '/home/jun/work/share/github/srt/CMakeFiles/CMakeTmp'
Building C object CMakeFiles/cmTC_2e165.dir/CheckFunctionExists.c.o
/usr/bin/cc   -DCHECK_FUNCTION_EXISTS=inet_pton   -o CMakeFiles/cmTC_2e165.dir/CheckFunctionExists.c.o   -c /usr/share/cmake-3.16/Modules/CheckFunctionExists.c
Linking C executable cmTC_2e165
/usr/bin/cmake -E cmake_link_script CMakeFiles/cmTC_2e165.dir/link.txt --verbose=1
/usr/bin/cc  -DCHECK_FUNCTION_EXISTS=inet_pton    -rdynamic CMakeFiles/cmTC_2e165.dir/CheckFunctionExists.c.o  -o cmTC_2e165 
make[1]: Leaving directory '/home/jun/work/share/github/srt/CMakeFiles/CMakeTmp'



Determining if the pthread_getname_np exist passed with the following output:
Change Dir: /home/jun/work/share/github/srt/CMakeFiles/CMakeTmp

Run Build Command(s):/usr/bin/make cmTC_dc91e/fast && /usr/bin/make -f CMakeFiles/cmTC_dc91e.dir/build.make CMakeFiles/cmTC_dc91e.dir/build
make[1]: Entering directory '/home/jun/work/share/github/srt/CMakeFiles/CMakeTmp'
Building C object CMakeFiles/cmTC_dc91e.dir/CheckSymbolExists.c.o
/usr/bin/cc -D_DARWIN_C_SOURCE -D_GNU_SOURCE -D_POSIX_SOURCE=1  -pthread   -o CMakeFiles/cmTC_dc91e.dir/CheckSymbolExists.c.o   -c /home/jun/work/share/github/srt/CMakeFiles/CMakeTmp/CheckSymbolExists.c
Linking C executable cmTC_dc91e
/usr/bin/cmake -E cmake_link_script CMakeFiles/cmTC_dc91e.dir/link.txt --verbose=1
/usr/bin/cc  -pthread    -rdynamic CMakeFiles/cmTC_dc91e.dir/CheckSymbolExists.c.o  -o cmTC_dc91e 
make[1]: Leaving directory '/home/jun/work/share/github/srt/CMakeFiles/CMakeTmp'


File /home/jun/work/share/github/srt/CMakeFiles/CMakeTmp/CheckSymbolExists.c:
/* */
#include <pthread.h>

int main(int argc, char** argv)
{
  (void)argv;
#ifndef pthread_getname_np
  return ((int*)(&pthread_getname_np))[argc];
#else
  (void)argc;
  return 0;
#endif
}
Determining if the pthread_setname_np exist passed with the following output:
Change Dir: /home/jun/work/share/github/srt/CMakeFiles/CMakeTmp

Run Build Command(s):/usr/bin/make cmTC_7d9bc/fast && /usr/bin/make -f CMakeFiles/cmTC_7d9bc.dir/build.make CMakeFiles/cmTC_7d9bc.dir/build
make[1]: Entering directory '/home/jun/work/share/github/srt/CMakeFiles/CMakeTmp'
Building C object CMakeFiles/cmTC_7d9bc.dir/CheckSymbolExists.c.o
/usr/bin/cc -D_DARWIN_C_SOURCE -D_GNU_SOURCE -D_POSIX_SOURCE=1  -pthread   -o CMakeFiles/cmTC_7d9bc.dir/CheckSymbolExists.c.o   -c /home/jun/work/share/github/srt/CMakeFiles/CMakeTmp/CheckSymbolExists.c
Linking C executable cmTC_7d9bc
/usr/bin/cmake -E cmake_link_script CMakeFiles/cmTC_7d9bc.dir/link.txt --verbose=1
/usr/bin/cc  -pthread    -rdynamic CMakeFiles/cmTC_7d9bc.dir/CheckSymbolExists.c.o  -o cmTC_7d9bc 
make[1]: Leaving directory '/home/jun/work/share/github/srt/CMakeFiles/CMakeTmp'


File /home/jun/work/share/github/srt/CMakeFiles/CMakeTmp/CheckSymbolExists.c:
/* */
#include <pthread.h>

int main(int argc, char** argv)
{
  (void)argv;
#ifndef pthread_setname_np
  return ((int*)(&pthread_setname_np))[argc];
#else
  (void)argc;
  return 0;
#endif
}
Determining if the function __atomic_fetch_add_8 exists in the atomic passed with the following output:
Change Dir: /home/jun/work/share/github/srt/CMakeFiles/CMakeTmp

Run Build Command(s):/usr/bin/make cmTC_6ed4d/fast && /usr/bin/make -f CMakeFiles/cmTC_6ed4d.dir/build.make CMakeFiles/cmTC_6ed4d.dir/build
make[1]: Entering directory '/home/jun/work/share/github/srt/CMakeFiles/CMakeTmp'
Building C object CMakeFiles/cmTC_6ed4d.dir/CheckFunctionExists.c.o
/usr/bin/cc   -DCHECK_FUNCTION_EXISTS=__atomic_fetch_add_8   -o CMakeFiles/cmTC_6ed4d.dir/CheckFunctionExists.c.o   -c /usr/share/cmake-3.16/Modules/CheckFunctionExists.c
<command-line>: warning: conflicting types for built-in function ‘__atomic_fetch_add_8’; expected ‘long unsigned int(volatile void *, long unsigned int,  int)’ [-Wbuiltin-declaration-mismatch]
<command-line>: note: in definition of macro ‘CHECK_FUNCTION_EXISTS’
Linking C executable cmTC_6ed4d
/usr/bin/cmake -E cmake_link_script CMakeFiles/cmTC_6ed4d.dir/link.txt --verbose=1
/usr/bin/cc  -DCHECK_FUNCTION_EXISTS=__atomic_fetch_add_8    -rdynamic CMakeFiles/cmTC_6ed4d.dir/CheckFunctionExists.c.o  -o cmTC_6ed4d  -latomic 
make[1]: Leaving directory '/home/jun/work/share/github/srt/CMakeFiles/CMakeTmp'



Performing C SOURCE FILE Test HAVE_LIBATOMIC_COMPILES succeeded with the following output:
Change Dir: /home/jun/work/share/github/srt/CMakeFiles/CMakeTmp

Run Build Command(s):/usr/bin/make cmTC_3f571/fast && /usr/bin/make -f CMakeFiles/cmTC_3f571.dir/build.make CMakeFiles/cmTC_3f571.dir/build
make[1]: Entering directory '/home/jun/work/share/github/srt/CMakeFiles/CMakeTmp'
Building C object CMakeFiles/cmTC_3f571.dir/src.c.o
/usr/bin/cc   -DHAVE_LIBATOMIC_COMPILES   -o CMakeFiles/cmTC_3f571.dir/src.c.o   -c /home/jun/work/share/github/srt/CMakeFiles/CMakeTmp/src.c
Linking C executable cmTC_3f571
/usr/bin/cmake -E cmake_link_script CMakeFiles/cmTC_3f571.dir/link.txt --verbose=1
/usr/bin/cc  -DHAVE_LIBATOMIC_COMPILES    -rdynamic CMakeFiles/cmTC_3f571.dir/src.c.o  -o cmTC_3f571  -latomic 
make[1]: Leaving directory '/home/jun/work/share/github/srt/CMakeFiles/CMakeTmp'


Source file was:

		int main(void)
		{
			const int result = 0;
			return result;
		}
	
Performing C SOURCE FILE Test HAVE_LIBATOMIC_COMPILES_STATIC succeeded with the following output:
Change Dir: /home/jun/work/share/github/srt/CMakeFiles/CMakeTmp

Run Build Command(s):/usr/bin/make cmTC_2eebb/fast && /usr/bin/make -f CMakeFiles/cmTC_2eebb.dir/build.make CMakeFiles/cmTC_2eebb.dir/build
make[1]: Entering directory '/home/jun/work/share/github/srt/CMakeFiles/CMakeTmp'
Building C object CMakeFiles/cmTC_2eebb.dir/src.c.o
/usr/bin/cc   -DHAVE_LIBATOMIC_COMPILES_STATIC -static   -o CMakeFiles/cmTC_2eebb.dir/src.c.o   -c /home/jun/work/share/github/srt/CMakeFiles/CMakeTmp/src.c
Linking C executable cmTC_2eebb
/usr/bin/cmake -E cmake_link_script CMakeFiles/cmTC_2eebb.dir/link.txt --verbose=1
/usr/bin/cc  -DHAVE_LIBATOMIC_COMPILES_STATIC -static    -rdynamic CMakeFiles/cmTC_2eebb.dir/src.c.o  -o cmTC_2eebb  -latomic 
make[1]: Leaving directory '/home/jun/work/share/github/srt/CMakeFiles/CMakeTmp'


Source file was:

		int main(void)
		{
			const int result = 0;
			return result;
		}
	
Performing C SOURCE FILE Test HAVE_GCCATOMIC_INTRINSICS succeeded with the following output:
Change Dir: /home/jun/work/share/github/srt/CMakeFiles/CMakeTmp

Run Build Command(s):/usr/bin/make cmTC_bbda9/fast && /usr/bin/make -f CMakeFiles/cmTC_bbda9.dir/build.make CMakeFiles/cmTC_bbda9.dir/build
make[1]: Entering directory '/home/jun/work/share/github/srt/CMakeFiles/CMakeTmp'
Building C object CMakeFiles/cmTC_bbda9.dir/src.c.o
/usr/bin/cc   -DHAVE_GCCATOMIC_INTRINSICS   -o CMakeFiles/cmTC_bbda9.dir/src.c.o   -c /home/jun/work/share/github/srt/CMakeFiles/CMakeTmp/src.c
Linking C executable cmTC_bbda9
/usr/bin/cmake -E cmake_link_script CMakeFiles/cmTC_bbda9.dir/link.txt --verbose=1
/usr/bin/cc  -DHAVE_GCCATOMIC_INTRINSICS    -rdynamic CMakeFiles/cmTC_bbda9.dir/src.c.o  -o cmTC_bbda9 
make[1]: Leaving directory '/home/jun/work/share/github/srt/CMakeFiles/CMakeTmp'


Source file was:

		#include<stddef.h>
		#include<stdint.h>
		int main(void)
		{
			ptrdiff_t x = 0;
			intmax_t y = 0;
			__atomic_add_fetch(&x, 1, __ATOMIC_SEQ_CST);
			__atomic_add_fetch(&y, 1, __ATOMIC_SEQ_CST);
			return __atomic_sub_fetch(&x, 1, __ATOMIC_SEQ_CST)
				+ __atomic_sub_fetch(&y, 1, __ATOMIC_SEQ_CST);
		}
	
Performing C++ SOURCE FILE Test HAVE_CXX_ATOMIC succeeded with the following output:
Change Dir: /home/jun/work/share/github/srt/CMakeFiles/CMakeTmp

Run Build Command(s):/usr/bin/make cmTC_29005/fast && /usr/bin/make -f CMakeFiles/cmTC_29005.dir/build.make CMakeFiles/cmTC_29005.dir/build
make[1]: Entering directory '/home/jun/work/share/github/srt/CMakeFiles/CMakeTmp'
Building CXX object CMakeFiles/cmTC_29005.dir/src.cxx.o
/usr/bin/c++    -DHAVE_CXX_ATOMIC -std=c++11   -o CMakeFiles/cmTC_29005.dir/src.cxx.o -c /home/jun/work/share/github/srt/CMakeFiles/CMakeTmp/src.cxx
Linking CXX executable cmTC_29005
/usr/bin/cmake -E cmake_link_script CMakeFiles/cmTC_29005.dir/link.txt --verbose=1
/usr/bin/c++   -DHAVE_CXX_ATOMIC -std=c++11    -rdynamic CMakeFiles/cmTC_29005.dir/src.cxx.o  -o cmTC_29005 
make[1]: Leaving directory '/home/jun/work/share/github/srt/CMakeFiles/CMakeTmp'


Source file was:

      #include<cstdint>
      #include<atomic>
      int main(void)
      {
         std::atomic<std::ptrdiff_t> x(0);
         std::atomic<std::intmax_t> y(0);
         return x + y;
      }
      
Performing C++ SOURCE FILE Test HAVE_CXX_ATOMIC_STATIC succeeded with the following output:
Change Dir: /home/jun/work/share/github/srt/CMakeFiles/CMakeTmp

Run Build Command(s):/usr/bin/make cmTC_21d05/fast && /usr/bin/make -f CMakeFiles/cmTC_21d05.dir/build.make CMakeFiles/cmTC_21d05.dir/build
make[1]: Entering directory '/home/jun/work/share/github/srt/CMakeFiles/CMakeTmp'
Building CXX object CMakeFiles/cmTC_21d05.dir/src.cxx.o
/usr/bin/c++    -DHAVE_CXX_ATOMIC_STATIC -std=c++11 -static   -o CMakeFiles/cmTC_21d05.dir/src.cxx.o -c /home/jun/work/share/github/srt/CMakeFiles/CMakeTmp/src.cxx
Linking CXX executable cmTC_21d05
/usr/bin/cmake -E cmake_link_script CMakeFiles/cmTC_21d05.dir/link.txt --verbose=1
/usr/bin/c++   -DHAVE_CXX_ATOMIC_STATIC -std=c++11 -static    -rdynamic CMakeFiles/cmTC_21d05.dir/src.cxx.o  -o cmTC_21d05 
make[1]: Leaving directory '/home/jun/work/share/github/srt/CMakeFiles/CMakeTmp'


Source file was:

      #include<cstdint>
      #include<atomic>
      int main(void)
      {
         std::atomic<std::ptrdiff_t> x(0);
         std::atomic<std::intmax_t> y(0);
         return x + y;
      }
      
Performing C++ SOURCE FILE Test HAVE_CXX_STD_PUT_TIME succeeded with the following output:
Change Dir: /home/jun/work/share/github/srt/CMakeFiles/CMakeTmp

Run Build Command(s):/usr/bin/make cmTC_17099/fast && /usr/bin/make -f CMakeFiles/cmTC_17099.dir/build.make CMakeFiles/cmTC_17099.dir/build
make[1]: Entering directory '/home/jun/work/share/github/srt/CMakeFiles/CMakeTmp'
Building CXX object CMakeFiles/cmTC_17099.dir/src.cxx.o
/usr/bin/c++    -DHAVE_CXX_STD_PUT_TIME -std=c++11   -o CMakeFiles/cmTC_17099.dir/src.cxx.o -c /home/jun/work/share/github/srt/CMakeFiles/CMakeTmp/src.cxx
Linking CXX executable cmTC_17099
/usr/bin/cmake -E cmake_link_script CMakeFiles/cmTC_17099.dir/link.txt --verbose=1
/usr/bin/c++   -DHAVE_CXX_STD_PUT_TIME -std=c++11    -rdynamic CMakeFiles/cmTC_17099.dir/src.cxx.o  -o cmTC_17099 
make[1]: Leaving directory '/home/jun/work/share/github/srt/CMakeFiles/CMakeTmp'


Source file was:

      #include <iostream>
      #include <iomanip>
      #include <ctime>
      int main(void)
      {
         const int result = 0;
         std::time_t t = std::time(nullptr);
         std::tm tm = *std::localtime(&t);
         std::cout
            << std::put_time(&tm, "%FT%T")
            << std::setfill('0')
            << std::setw(6)
            << std::endl;
         return result;
      }
      
Determining if the pthread_getname_np exist passed with the following output:
Change Dir: /home/jun/work/share/github/srt/CMakeFiles/CMakeTmp

Run Build Command(s):/usr/bin/make cmTC_0084f/fast && /usr/bin/make -f CMakeFiles/cmTC_0084f.dir/build.make CMakeFiles/cmTC_0084f.dir/build
make[1]: Entering directory '/home/jun/work/share/github/srt/CMakeFiles/CMakeTmp'
Building C object CMakeFiles/cmTC_0084f.dir/CheckSymbolExists.c.o
/usr/bin/cc -D_DARWIN_C_SOURCE -D_GNU_SOURCE -D_POSIX_SOURCE=1  -pthread   -o CMakeFiles/cmTC_0084f.dir/CheckSymbolExists.c.o   -c /home/jun/work/share/github/srt/CMakeFiles/CMakeTmp/CheckSymbolExists.c
Linking C executable cmTC_0084f
/usr/bin/cmake -E cmake_link_script CMakeFiles/cmTC_0084f.dir/link.txt --verbose=1
/usr/bin/cc  -pthread    -rdynamic CMakeFiles/cmTC_0084f.dir/CheckSymbolExists.c.o  -o cmTC_0084f 
make[1]: Leaving directory '/home/jun/work/share/github/srt/CMakeFiles/CMakeTmp'


File /home/jun/work/share/github/srt/CMakeFiles/CMakeTmp/CheckSymbolExists.c:
/* */
#include <pthread.h>

int main(int argc, char** argv)
{
  (void)argv;
#ifndef pthread_getname_np
  return ((int*)(&pthread_getname_np))[argc];
#else
  (void)argc;
  return 0;
#endif
}
Determining if the pthread_setname_np exist passed with the following output:
Change Dir: /home/jun/work/share/github/srt/CMakeFiles/CMakeTmp

Run Build Command(s):/usr/bin/make cmTC_f0bce/fast && /usr/bin/make -f CMakeFiles/cmTC_f0bce.dir/build.make CMakeFiles/cmTC_f0bce.dir/build
make[1]: Entering directory '/home/jun/work/share/github/srt/CMakeFiles/CMakeTmp'
Building C object CMakeFiles/cmTC_f0bce.dir/CheckSymbolExists.c.o
/usr/bin/cc -D_DARWIN_C_SOURCE -D_GNU_SOURCE -D_POSIX_SOURCE=1  -pthread   -o CMakeFiles/cmTC_f0bce.dir/CheckSymbolExists.c.o   -c /home/jun/work/share/github/srt/CMakeFiles/CMakeTmp/CheckSymbolExists.c
Linking C executable cmTC_f0bce
/usr/bin/cmake -E cmake_link_script CMakeFiles/cmTC_f0bce.dir/link.txt --verbose=1
/usr/bin/cc  -pthread    -rdynamic CMakeFiles/cmTC_f0bce.dir/CheckSymbolExists.c.o  -o cmTC_f0bce 
make[1]: Leaving directory '/home/jun/work/share/github/srt/CMakeFiles/CMakeTmp'


File /home/jun/work/share/github/srt/CMakeFiles/CMakeTmp/CheckSymbolExists.c:
/* */
#include <pthread.h>

int main(int argc, char** argv)
{
  (void)argv;
#ifndef pthread_setname_np
  return ((int*)(&pthread_setname_np))[argc];
#else
  (void)argc;
  return 0;
#endif
}
Determining if the function __atomic_fetch_add_8 exists in the atomic passed with the following output:
Change Dir: /home/jun/work/share/github/srt/CMakeFiles/CMakeTmp

Run Build Command(s):/usr/bin/make cmTC_cd281/fast && /usr/bin/make -f CMakeFiles/cmTC_cd281.dir/build.make CMakeFiles/cmTC_cd281.dir/build
make[1]: Entering directory '/home/jun/work/share/github/srt/CMakeFiles/CMakeTmp'
Building C object CMakeFiles/cmTC_cd281.dir/CheckFunctionExists.c.o
/usr/bin/cc   -DCHECK_FUNCTION_EXISTS=__atomic_fetch_add_8   -o CMakeFiles/cmTC_cd281.dir/CheckFunctionExists.c.o   -c /usr/share/cmake-3.16/Modules/CheckFunctionExists.c
<command-line>: warning: conflicting types for built-in function ‘__atomic_fetch_add_8’; expected ‘long unsigned int(volatile void *, long unsigned int,  int)’ [-Wbuiltin-declaration-mismatch]
<command-line>: note: in definition of macro ‘CHECK_FUNCTION_EXISTS’
Linking C executable cmTC_cd281
/usr/bin/cmake -E cmake_link_script CMakeFiles/cmTC_cd281.dir/link.txt --verbose=1
/usr/bin/cc  -DCHECK_FUNCTION_EXISTS=__atomic_fetch_add_8    -rdynamic CMakeFiles/cmTC_cd281.dir/CheckFunctionExists.c.o  -o cmTC_cd281  -latomic 
make[1]: Leaving directory '/home/jun/work/share/github/srt/CMakeFiles/CMakeTmp'



Performing C SOURCE FILE Test HAVE_LIBATOMIC_COMPILES succeeded with the following output:
Change Dir: /home/jun/work/share/github/srt/CMakeFiles/CMakeTmp

Run Build Command(s):/usr/bin/make cmTC_ee387/fast && /usr/bin/make -f CMakeFiles/cmTC_ee387.dir/build.make CMakeFiles/cmTC_ee387.dir/build
make[1]: Entering directory '/home/jun/work/share/github/srt/CMakeFiles/CMakeTmp'
Building C object CMakeFiles/cmTC_ee387.dir/src.c.o
/usr/bin/cc   -DHAVE_LIBATOMIC_COMPILES   -o CMakeFiles/cmTC_ee387.dir/src.c.o   -c /home/jun/work/share/github/srt/CMakeFiles/CMakeTmp/src.c
Linking C executable cmTC_ee387
/usr/bin/cmake -E cmake_link_script CMakeFiles/cmTC_ee387.dir/link.txt --verbose=1
/usr/bin/cc  -DHAVE_LIBATOMIC_COMPILES    -rdynamic CMakeFiles/cmTC_ee387.dir/src.c.o  -o cmTC_ee387  -latomic 
make[1]: Leaving directory '/home/jun/work/share/github/srt/CMakeFiles/CMakeTmp'


Source file was:

		int main(void)
		{
			const int result = 0;
			return result;
		}
	
Performing C SOURCE FILE Test HAVE_LIBATOMIC_COMPILES_STATIC succeeded with the following output:
Change Dir: /home/jun/work/share/github/srt/CMakeFiles/CMakeTmp

Run Build Command(s):/usr/bin/make cmTC_dfdd7/fast && /usr/bin/make -f CMakeFiles/cmTC_dfdd7.dir/build.make CMakeFiles/cmTC_dfdd7.dir/build
make[1]: Entering directory '/home/jun/work/share/github/srt/CMakeFiles/CMakeTmp'
Building C object CMakeFiles/cmTC_dfdd7.dir/src.c.o
/usr/bin/cc   -DHAVE_LIBATOMIC_COMPILES_STATIC -static   -o CMakeFiles/cmTC_dfdd7.dir/src.c.o   -c /home/jun/work/share/github/srt/CMakeFiles/CMakeTmp/src.c
Linking C executable cmTC_dfdd7
/usr/bin/cmake -E cmake_link_script CMakeFiles/cmTC_dfdd7.dir/link.txt --verbose=1
/usr/bin/cc  -DHAVE_LIBATOMIC_COMPILES_STATIC -static    -rdynamic CMakeFiles/cmTC_dfdd7.dir/src.c.o  -o cmTC_dfdd7  -latomic 
make[1]: Leaving directory '/home/jun/work/share/github/srt/CMakeFiles/CMakeTmp'


Source file was:

		int main(void)
		{
			const int result = 0;
			return result;
		}
	
Performing C SOURCE FILE Test HAVE_GCCATOMIC_INTRINSICS succeeded with the following output:
Change Dir: /home/jun/work/share/github/srt/CMakeFiles/CMakeTmp

Run Build Command(s):/usr/bin/make cmTC_cc959/fast && /usr/bin/make -f CMakeFiles/cmTC_cc959.dir/build.make CMakeFiles/cmTC_cc959.dir/build
make[1]: Entering directory '/home/jun/work/share/github/srt/CMakeFiles/CMakeTmp'
Building C object CMakeFiles/cmTC_cc959.dir/src.c.o
/usr/bin/cc   -DHAVE_GCCATOMIC_INTRINSICS   -o CMakeFiles/cmTC_cc959.dir/src.c.o   -c /home/jun/work/share/github/srt/CMakeFiles/CMakeTmp/src.c
Linking C executable cmTC_cc959
/usr/bin/cmake -E cmake_link_script CMakeFiles/cmTC_cc959.dir/link.txt --verbose=1
/usr/bin/cc  -DHAVE_GCCATOMIC_INTRINSICS    -rdynamic CMakeFiles/cmTC_cc959.dir/src.c.o  -o cmTC_cc959 
make[1]: Leaving directory '/home/jun/work/share/github/srt/CMakeFiles/CMakeTmp'


Source file was:

		#include<stddef.h>
		#include<stdint.h>
		int main(void)
		{
			ptrdiff_t x = 0;
			intmax_t y = 0;
			__atomic_add_fetch(&x, 1, __ATOMIC_SEQ_CST);
			__atomic_add_fetch(&y, 1, __ATOMIC_SEQ_CST);
			return __atomic_sub_fetch(&x, 1, __ATOMIC_SEQ_CST)
				+ __atomic_sub_fetch(&y, 1, __ATOMIC_SEQ_CST);
		}
	
Performing C++ SOURCE FILE Test HAVE_CXX_ATOMIC succeeded with the following output:
Change Dir: /home/jun/work/share/github/srt/CMakeFiles/CMakeTmp

Run Build Command(s):/usr/bin/make cmTC_a3085/fast && /usr/bin/make -f CMakeFiles/cmTC_a3085.dir/build.make CMakeFiles/cmTC_a3085.dir/build
make[1]: Entering directory '/home/jun/work/share/github/srt/CMakeFiles/CMakeTmp'
Building CXX object CMakeFiles/cmTC_a3085.dir/src.cxx.o
/usr/bin/c++    -DHAVE_CXX_ATOMIC -std=c++11   -o CMakeFiles/cmTC_a3085.dir/src.cxx.o -c /home/jun/work/share/github/srt/CMakeFiles/CMakeTmp/src.cxx
Linking CXX executable cmTC_a3085
/usr/bin/cmake -E cmake_link_script CMakeFiles/cmTC_a3085.dir/link.txt --verbose=1
/usr/bin/c++   -DHAVE_CXX_ATOMIC -std=c++11    -rdynamic CMakeFiles/cmTC_a3085.dir/src.cxx.o  -o cmTC_a3085 
make[1]: Leaving directory '/home/jun/work/share/github/srt/CMakeFiles/CMakeTmp'


Source file was:

      #include<cstdint>
      #include<atomic>
      int main(void)
      {
         std::atomic<std::ptrdiff_t> x(0);
         std::atomic<std::intmax_t> y(0);
         return x + y;
      }
      
Performing C++ SOURCE FILE Test HAVE_CXX_ATOMIC_STATIC succeeded with the following output:
Change Dir: /home/jun/work/share/github/srt/CMakeFiles/CMakeTmp

Run Build Command(s):/usr/bin/make cmTC_bb80a/fast && /usr/bin/make -f CMakeFiles/cmTC_bb80a.dir/build.make CMakeFiles/cmTC_bb80a.dir/build
make[1]: Entering directory '/home/jun/work/share/github/srt/CMakeFiles/CMakeTmp'
Building CXX object CMakeFiles/cmTC_bb80a.dir/src.cxx.o
/usr/bin/c++    -DHAVE_CXX_ATOMIC_STATIC -std=c++11 -static   -o CMakeFiles/cmTC_bb80a.dir/src.cxx.o -c /home/jun/work/share/github/srt/CMakeFiles/CMakeTmp/src.cxx
Linking CXX executable cmTC_bb80a
/usr/bin/cmake -E cmake_link_script CMakeFiles/cmTC_bb80a.dir/link.txt --verbose=1
/usr/bin/c++   -DHAVE_CXX_ATOMIC_STATIC -std=c++11 -static    -rdynamic CMakeFiles/cmTC_bb80a.dir/src.cxx.o  -o cmTC_bb80a 
make[1]: Leaving directory '/home/jun/work/share/github/srt/CMakeFiles/CMakeTmp'


Source file was:

      #include<cstdint>
      #include<atomic>
      int main(void)
      {
         std::atomic<std::ptrdiff_t> x(0);
         std::atomic<std::intmax_t> y(0);
         return x + y;
      }
      
Performing C++ SOURCE FILE Test HAVE_CXX_STD_PUT_TIME succeeded with the following output:
Change Dir: /home/jun/work/share/github/srt/CMakeFiles/CMakeTmp

Run Build Command(s):/usr/bin/make cmTC_51708/fast && /usr/bin/make -f CMakeFiles/cmTC_51708.dir/build.make CMakeFiles/cmTC_51708.dir/build
make[1]: Entering directory '/home/jun/work/share/github/srt/CMakeFiles/CMakeTmp'
Building CXX object CMakeFiles/cmTC_51708.dir/src.cxx.o
/usr/bin/c++    -DHAVE_CXX_STD_PUT_TIME -std=c++11   -o CMakeFiles/cmTC_51708.dir/src.cxx.o -c /home/jun/work/share/github/srt/CMakeFiles/CMakeTmp/src.cxx
Linking CXX executable cmTC_51708
/usr/bin/cmake -E cmake_link_script CMakeFiles/cmTC_51708.dir/link.txt --verbose=1
/usr/bin/c++   -DHAVE_CXX_STD_PUT_TIME -std=c++11    -rdynamic CMakeFiles/cmTC_51708.dir/src.cxx.o  -o cmTC_51708 
make[1]: Leaving directory '/home/jun/work/share/github/srt/CMakeFiles/CMakeTmp'


Source file was:

      #include <iostream>
      #include <iomanip>
      #include <ctime>
      int main(void)
      {
         const int result = 0;
         std::time_t t = std::time(nullptr);
         std::tm tm = *std::localtime(&t);
         std::cout
            << std::put_time(&tm, "%FT%T")
            << std::setfill('0')
            << std::setw(6)
            << std::endl;
         return result;
      }
      
